Component: ARM Compiler 5.05 update 1 (build 106) Tool: armlink [4d0efa]

==============================================================================

Section Cross References

    main.o(i.BASE_Init) refers to misc.o(i.NVIC_PriorityGroupConfig) for NVIC_PriorityGroupConfig
    main.o(i.BASE_Init) refers to delay.o(i.delay_init) for delay_init
    main.o(i.BASE_Init) refers to usart.o(i.USART1_Init) for USART1_Init
    main.o(i.BASE_Init) refers to usart3.o(i.USART3_Init) for USART3_Init
    main.o(i.BASE_Init) refers to led.o(i.LED_Init) for LED_Init
    main.o(i.BASE_Init) refers to can.o(i.CAN1_Mode_Init) for CAN1_Mode_Init
    main.o(i.BASE_Init) refers to driver.o(i.DRIVER_Init) for DRIVER_Init
    main.o(i.BASE_Init) refers to timer.o(i.TIMER_Init) for TIMER_Init
    main.o(i.BASE_Init) refers to angle_pid.o(i.PID_Init) for PID_Init
    main.o(i.main) refers to main.o(i.BASE_Init) for BASE_Init
    main.o(i.main) refers to main.o(.bss) for rx_queue
    main.o(i.main) refers to rt_memcpy_w.o(.text) for __aeabi_memcpy4
    main.o(i.main) refers to queue.o(i.queue_empty) for queue_empty
    main.o(i.main) refers to queue.o(i.queue_get) for queue_get
    main.o(i.main) refers to receive_handle.o(i.Receive_Handle) for Receive_Handle
    main.o(i.main) refers to main.o(.data) for Recstate
    stm32f4xx_it.o(i.HardFault_Handler) refers to delay.o(i.delay_ms) for delay_ms
    system_stm32f4xx.o(i.SystemCoreClockUpdate) refers to system_stm32f4xx.o(.data) for SystemCoreClock
    system_stm32f4xx.o(i.SystemInit) refers to system_stm32f4xx.o(i.SetSysClock) for SetSysClock
    delay.o(i.delay_init) refers to misc.o(i.SysTick_CLKSourceConfig) for SysTick_CLKSourceConfig
    delay.o(i.delay_init) refers to delay.o(.data) for fac_us
    delay.o(i.delay_ms) refers to delay.o(i.delay_xms) for delay_xms
    delay.o(i.delay_ns) refers to delay.o(.data) for fac_ns
    delay.o(i.delay_us) refers to delay.o(.data) for fac_us
    delay.o(i.delay_xms) refers to delay.o(.data) for fac_ms
    usart.o(i.USART1_IRQHandler) refers to stm32f4xx_usart.o(i.USART_GetITStatus) for USART_GetITStatus
    usart.o(i.USART1_IRQHandler) refers to stm32f4xx_usart.o(i.USART_ReceiveData) for USART_ReceiveData
    usart.o(i.USART1_IRQHandler) refers to stm32f4xx_usart.o(i.USART_ClearITPendingBit) for USART_ClearITPendingBit
    usart.o(i.USART1_IRQHandler) refers to usart.o(.data) for usart1_led1_count
    usart.o(i.USART1_IRQHandler) refers to usart.o(.bss) for usart1_buffer
    usart.o(i.USART1_IRQHandler) refers to main.o(.bss) for basketballbot
    usart.o(i.USART1_Init) refers to stm32f4xx_rcc.o(i.RCC_AHB1PeriphClockCmd) for RCC_AHB1PeriphClockCmd
    usart.o(i.USART1_Init) refers to stm32f4xx_rcc.o(i.RCC_APB2PeriphClockCmd) for RCC_APB2PeriphClockCmd
    usart.o(i.USART1_Init) refers to stm32f4xx_gpio.o(i.GPIO_PinAFConfig) for GPIO_PinAFConfig
    usart.o(i.USART1_Init) refers to stm32f4xx_gpio.o(i.GPIO_Init) for GPIO_Init
    usart.o(i.USART1_Init) refers to stm32f4xx_usart.o(i.USART_Init) for USART_Init
    usart.o(i.USART1_Init) refers to stm32f4xx_usart.o(i.USART_ITConfig) for USART_ITConfig
    usart.o(i.USART1_Init) refers to stm32f4xx_usart.o(i.USART_Cmd) for USART_Cmd
    usart.o(i.USART1_Init) refers to stm32f4xx_usart.o(i.USART_ClearFlag) for USART_ClearFlag
    usart.o(i.USART1_Init) refers to misc.o(i.NVIC_Init) for NVIC_Init
    usart.o(i.USART1_SendChar) refers to stm32f4xx_usart.o(i.USART_GetFlagStatus) for USART_GetFlagStatus
    usart.o(i.USART1_SendChar) refers to stm32f4xx_usart.o(i.USART_SendData) for USART_SendData
    startup_stm32f40_41xxx.o(STACK) refers (Special) to heapauxi.o(.text) for __use_two_region_memory
    startup_stm32f40_41xxx.o(HEAP) refers (Special) to heapauxi.o(.text) for __use_two_region_memory
    startup_stm32f40_41xxx.o(RESET) refers (Special) to heapauxi.o(.text) for __use_two_region_memory
    startup_stm32f40_41xxx.o(RESET) refers to startup_stm32f40_41xxx.o(STACK) for __initial_sp
    startup_stm32f40_41xxx.o(RESET) refers to startup_stm32f40_41xxx.o(.text) for Reset_Handler
    startup_stm32f40_41xxx.o(RESET) refers to stm32f4xx_it.o(i.NMI_Handler) for NMI_Handler
    startup_stm32f40_41xxx.o(RESET) refers to stm32f4xx_it.o(i.HardFault_Handler) for HardFault_Handler
    startup_stm32f40_41xxx.o(RESET) refers to stm32f4xx_it.o(i.MemManage_Handler) for MemManage_Handler
    startup_stm32f40_41xxx.o(RESET) refers to stm32f4xx_it.o(i.BusFault_Handler) for BusFault_Handler
    startup_stm32f40_41xxx.o(RESET) refers to stm32f4xx_it.o(i.UsageFault_Handler) for UsageFault_Handler
    startup_stm32f40_41xxx.o(RESET) refers to stm32f4xx_it.o(i.SVC_Handler) for SVC_Handler
    startup_stm32f40_41xxx.o(RESET) refers to stm32f4xx_it.o(i.DebugMon_Handler) for DebugMon_Handler
    startup_stm32f40_41xxx.o(RESET) refers to stm32f4xx_it.o(i.PendSV_Handler) for PendSV_Handler
    startup_stm32f40_41xxx.o(RESET) refers to stm32f4xx_it.o(i.SysTick_Handler) for SysTick_Handler
[...]
    ..\FWLIB\src\stm32f4xx_gpio.c            0x00000000   Number         0  stm32f4xx_gpio.o ABSOLUTE
    ..\FWLIB\src\stm32f4xx_i2c.c             0x00000000   Number         0  stm32f4xx_i2c.o ABSOLUTE
    ..\FWLIB\src\stm32f4xx_iwdg.c            0x00000000   Number         0  stm32f4xx_iwdg.o ABSOLUTE
    ..\FWLIB\src\stm32f4xx_rcc.c             0x00000000   Number         0  stm32f4xx_rcc.o ABSOLUTE
    ..\FWLIB\src\stm32f4xx_rtc.c             0x00000000   Number         0  stm32f4xx_rtc.o ABSOLUTE
    ..\FWLIB\src\stm32f4xx_sdio.c            0x00000000   Number         0  stm32f4xx_sdio.o ABSOLUTE
    ..\FWLIB\src\stm32f4xx_spi.c             0x00000000   Number         0  stm32f4xx_spi.o ABSOLUTE
    ..\FWLIB\src\stm32f4xx_tim.c             0x00000000   Number         0  stm32f4xx_tim.o ABSOLUTE
    ..\FWLIB\src\stm32f4xx_usart.c           0x00000000   Number         0  stm32f4xx_usart.o ABSOLUTE
    ..\FWLIB\src\stm32f4xx_wwdg.c            0x00000000   Number         0  stm32f4xx_wwdg.o ABSOLUTE
    ..\INIT\CAN\can.c                        0x00000000   Number         0  can.o ABSOLUTE
    ..\INIT\DRIVER\driver.c                  0x00000000   Number         0  driver.o ABSOLUTE
    ..\INIT\LED\led.c                        0x00000000   Number         0  led.o ABSOLUTE
    ..\INIT\PID\angle_pid.c                  0x00000000   Number         0  angle_pid.o ABSOLUTE
    ..\INIT\QUEUE\queue.c                    0x00000000   Number         0  queue.o ABSOLUTE
    ..\INIT\TIMER\timer.c                    0x00000000   Number         0  timer.o ABSOLUTE
    ..\INIT\USART3\usart3.c                  0x00000000   Number         0  usart3.o ABSOLUTE
    ..\Receive_Handle\Receive_Handle.c       0x00000000   Number         0  receive_handle.o ABSOLUTE
    ..\SYSTEM\delay\delay.c                  0x00000000   Number         0  delay.o ABSOLUTE
    ..\SYSTEM\sys\sys.c                      0x00000000   Number         0  sys.o ABSOLUTE
    ..\SYSTEM\usart\usart.c                  0x00000000   Number         0  usart.o ABSOLUTE
    ..\TF\transform.c                        0x00000000   Number         0  transform.o ABSOLUTE
    ..\\FWLIB\\src\\misc.c                   0x00000000   Number         0  misc.o ABSOLUTE
    ..\\FWLIB\\src\\stm32f4xx_can.c          0x00000000   Number         0  stm32f4xx_can.o ABSOLUTE
    ..\\FWLIB\\src\\stm32f4xx_dbgmcu.c       0x00000000   Number         0  stm32f4xx_dbgmcu.o ABSOLUTE
    ..\\FWLIB\\src\\stm32f4xx_dma.c          0x00000000   Number         0  stm32f4xx_dma.o ABSOLUTE
    ..\\FWLIB\\src\\stm32f4xx_exti.c         0x00000000   Number         0  stm32f4xx_exti.o ABSOLUTE
    ..\\FWLIB\\src\\stm32f4xx_fsmc.c         0x00000000   Number         0  stm32f4xx_fsmc.o ABSOLUTE
    ..\\FWLIB\\src\\stm32f4xx_gpio.c         0x00000000   Number         0  stm32f4xx_gpio.o ABSOLUTE
    ..\\FWLIB\\src\\stm32f4xx_i2c.c          0x00000000   Number         0  stm32f4xx_i2c.o ABSOLUTE
    ..\\FWLIB\\src\\stm32f4xx_iwdg.c         0x00000000   Number         0  stm32f4xx_iwdg.o ABSOLUTE
    ..\\FWLIB\\src\\stm32f4xx_rcc.c          0x00000000   Number         0  stm32f4xx_rcc.o ABSOLUTE
    ..\\FWLIB\\src\\stm32f4xx_rtc.c          0x00000000   Number         0  stm32f4xx_rtc.o ABSOLUTE
    ..\\FWLIB\\src\\stm32f4xx_sdio.c         0x00000000   Number         0  stm32f4xx_sdio.o ABSOLUTE
    ..\\FWLIB\\src\\stm32f4xx_spi.c          0x00000000   Number         0  stm32f4xx_spi.o ABSOLUTE
    ..\\FWLIB\\src\\stm32f4xx_tim.c          0x00000000   Number         0  stm32f4xx_tim.o ABSOLUTE
    ..\\FWLIB\\src\\stm32f4xx_usart.c        0x00000000   Number         0  stm32f4xx_usart.o ABSOLUTE
    ..\\FWLIB\\src\\stm32f4xx_wwdg.c         0x00000000   Number         0  stm32f4xx_wwdg.o ABSOLUTE
    ..\\INIT\\CAN\\can.c                     0x00000000   Number         0  can.o ABSOLUTE
    ..\\INIT\\DRIVER\\driver.c               0x00000000   Number         0  driver.o ABSOLUTE
    ..\\INIT\\LED\\led.c                     0x00000000   Number         0  led.o ABSOLUTE
    ..\\INIT\\PID\\angle_pid.c               0x00000000   Number         0  angle_pid.o ABSOLUTE
    ..\\INIT\\TIMER\\timer.c                 0x00000000   Number         0  timer.o ABSOLUTE
    ..\\INIT\\USART3\\usart3.c               0x00000000   Number         0  usart3.o ABSOLUTE
    ..\\Receive_Handle\\Receive_Handle.c     0x00000000   Number         0  receive_handle.o ABSOLUTE
    ..\\SYSTEM\\delay\\delay.c               0x00000000   Number         0  delay.o ABSOLUTE
    ..\\SYSTEM\\sys\\sys.c                   0x00000000   Number         0  sys.o ABSOLUTE
    ..\\SYSTEM\\usart\\usart.c               0x00000000   Number         0  usart.o ABSOLUTE
    ..\\TF\\transform.c                      0x00000000   Number         0  transform.o ABSOLUTE
    dc.s                                     0x00000000   Number         0  dc.o ABSOLUTE
    main.c                                   0x00000000   Number         0  main.o ABSOLUTE
    main.c                                   0x00000000   Number         0  main.o ABSOLUTE
    stm32f4xx_it.c                           0x00000000   Number         0  stm32f4xx_it.o ABSOLUTE
    stm32f4xx_it.c                           0x00000000   Number         0  stm32f4xx_it.o ABSOLUTE
    system_stm32f4xx.c                       0x00000000   Number         0  system_stm32f4xx.o ABSOLUTE
    system_stm32f4xx.c                       0x00000000   Number         0  system_stm32f4xx.o ABSOLUTE
    RESET                                    0x08000000   Section      392  startup_stm32f40_41xxx.o(RESET)
    !!!main                                  0x08000188   Section        8  __main.o(!!!main)
    !!!scatter                               0x08000190   Section       52  __scatter.o(!!!scatter)
    !!handler_copy                           0x080001c4   Section       26  __scatter_copy.o(!!handler_copy)
    !!handler_zi                             0x080001e0   Section       28  __scatter_zi.o(!!handler_zi)
    .ARM.Collect$$libinit$$00000000          0x080001fc   Section        2  libinit.o(.ARM.Collect$$libinit$$00000000)
    .ARM.Collect$$libinit$$00000001          0x080001fe   Section        4  libinit2.o(.ARM.Collect$$libinit$$00000001)
    .ARM.Collect$$libinit$$00000004          0x08000202   Section        0  libinit2.o(.ARM.Collect$$libinit$$00000004)
    .ARM.Collect$$libinit$$0000000A          0x08000202   Section        0  libinit2.o(.ARM.Collect$$libinit$$0000000A)
    .ARM.Collect$$libinit$$0000000C          0x08000202   Section        0  libinit2.o(.ARM.Collect$$libinit$$0000000C)
    .ARM.Collect$$libinit$$0000000E          0x08000202   Section        0  libinit2.o(.ARM.Collect$$libinit$$0000000E)
    .ARM.Collect$$libinit$$00000011          0x08000202   Section        0  libinit2.o(.ARM.Collect$$libinit$$00000011)
    .ARM.Collect$$libinit$$00000013          0x08000202   Section        0  libinit2.o(.ARM.Collect$$libinit$$00000013)
    .ARM.Collect$$libinit$$00000015          0x08000202   Section        0  libinit2.o(.ARM.Collect$$libinit$$00000015)
    .ARM.Collect$$libinit$$00000017          0x08000202   Section        0  libinit2.o(.ARM.Collect$$libinit$$00000017)
    .ARM.Collect$$libinit$$00000019          0x08000202   Section        0  libinit2.o(.ARM.Collect$$libinit$$00000019)
    .ARM.Collect$$libinit$$0000001B          0x08000202   Section        0  libinit2.o(.ARM.Collect$$libinit$$0000001B)
    .ARM.Collect$$libinit$$0000001D          0x08000202   Section        0  libinit2.o(.ARM.Collect$$libinit$$0000001D)
    .ARM.Collect$$libinit$$0000001F          0x08000202   Section        0  libinit2.o(.ARM.Collect$$libinit$$0000001F)
    .ARM.Collect$$libinit$$00000021          0x08000202   Section        0  libinit2.o(.ARM.Collect$$libinit$$00000021)
    .ARM.Collect$$libinit$$00000023          0x08000202   Section        0  libinit2.o(.ARM.Collect$$libinit$$00000023)
    .ARM.Collect$$libinit$$00000025          0x08000202   Section        0  libinit2.o(.ARM.Collect$$libinit$$00000025)
    .ARM.Collect$$libinit$$0000002C          0x08000202   Section        0  libinit2.o(.ARM.Collect$$libinit$$0000002C)
    .ARM.Collect$$libinit$$0000002E          0x08000202   Section        0  libinit2.o(.ARM.Collect$$libinit$$0000002E)
    .ARM.Collect$$libinit$$00000030          0x08000202   Section        0  libinit2.o(.ARM.Collect$$libinit$$00000030)
    .ARM.Collect$$libinit$$00000032          0x08000202   Section        0  libinit2.o(.ARM.Collect$$libinit$$00000032)
    .ARM.Collect$$libinit$$00000033          0x08000202   Section        2  libinit2.o(.ARM.Collect$$libinit$$00000033)
    .ARM.Collect$$libshutdown$$00000000      0x08000204   Section        2  libshutdown.o(.ARM.Collect$$libshutdown$$00000000)
    .ARM.Collect$$libshutdown$$00000003      0x08000206   Section        0  libshutdown2.o(.ARM.Collect$$libshutdown$$00000003)
    .ARM.Collect$$libshutdown$$00000006      0x08000206   Section        0  libshutdown2.o(.ARM.Collect$$libshutdown$$00000006)
    .ARM.Collect$$libshutdown$$00000009      0x08000206   Section        0  libshutdown2.o(.ARM.Collect$$libshutdown$$00000009)
    .ARM.Collect$$libshutdown$$0000000B      0x08000206   Section        0  libshutdown2.o(.ARM.Collect$$libshutdown$$0000000B)
    .ARM.Collect$$libshutdown$$0000000E      0x08000206   Section        0  libshutdown2.o(.ARM.Collect$$libshutdown$$0000000E)
    .ARM.Collect$$libshutdown$$0000000F      0x08000206   Section        2  libshutdown2.o(.ARM.Collect$$libshutdown$$0000000F)
    .ARM.Collect$$rtentry$$00000000          0x08000208   Section        0  __rtentry.o(.ARM.Collect$$rtentry$$00000000)
    .ARM.Collect$$rtentry$$00000002          0x08000208   Section        0  __rtentry2.o(.ARM.Collect$$rtentry$$00000002)
    .ARM.Collect$$rtentry$$00000004          0x08000208   Section        6  __rtentry4.o(.ARM.Collect$$rtentry$$00000004)
    .ARM.Collect$$rtentry$$00000009          0x0800020e   Section        0  __rtentry2.o(.ARM.Collect$$rtentry$$00000009)
    .ARM.Collect$$rtentry$$0000000A          0x0800020e   Section        4  __rtentry2.o(.ARM.Collect$$rtentry$$0000000A)
    .ARM.Collect$$rtentry$$0000000C          0x08000212   Section        0  __rtentry2.o(.ARM.Collect$$rtentry$$0000000C)
    .ARM.Collect$$rtentry$$0000000D          0x08000212   Section        8  __rtentry2.o(.ARM.Collect$$rtentry$$0000000D)
    .ARM.Collect$$rtexit$$00000000           0x0800021a   Section        2  rtexit.o(.ARM.Collect$$rtexit$$00000000)
    .ARM.Collect$$rtexit$$00000002           0x0800021c   Section        0  rtexit2.o(.ARM.Collect$$rtexit$$00000002)
    .ARM.Collect$$rtexit$$00000003           0x0800021c   Section        4  rtexit2.o(.ARM.Collect$$rtexit$$00000003)
    .ARM.Collect$$rtexit$$00000004           0x08000220   Section        6  rtexit2.o(.ARM.Collect$$rtexit$$00000004)
    .text                                    0x08000228   Section       64  startup_stm32f40_41xxx.o(.text)
    $v0                                      0x08000228   Number         0  startup_stm32f40_41xxx.o(.text)
    .text                                    0x08000268   Section      100  rt_memcpy_w.o(.text)
    .text                                    0x080002cc   Section        0  heapauxi.o(.text)
    .text                                    0x080002d2   Section        0  _rserrno.o(.text)
    .text                                    0x080002e8   Section        8  rt_errno_addr_intlibspace.o(.text)
    .text                                    0x080002f0   Section        8  libspace.o(.text)
    .text                                    0x080002f8   Section       74  sys_stackheap_outer.o(.text)
    .text                                    0x08000342   Section        0  exit.o(.text)
    .text                                    0x08000350   Section        0  sys_exit.o(.text)
    .text                                    0x0800035c   Section        2  use_no_semi.o(.text)
    .text                                    0x0800035e   Section        0  indicate_semi.o(.text)
    i.ANGLE_ADJUST                           0x08000360   Section        0  timer.o(i.ANGLE_ADJUST)
    i.BASE_Init                              0x08000434   Section        0  main.o(i.BASE_Init)
    i.BusFault_Handler                       0x08000484   Section        0  stm32f4xx_it.o(i.BusFault_Handler)
    i.CAN1_Mode_Init                         0x08000488   Section        0  can.o(i.CAN1_Mode_Init)
    i.CAN1_Send_Msg                          0x08000558   Section        0  can.o(i.CAN1_Send_Msg)
    i.CAN_FilterInit                         0x080005cc   Section        0  stm32f4xx_can.o(i.CAN_FilterInit)
    i.CAN_Init                               0x080006d4   Section        0  stm32f4xx_can.o(i.CAN_Init)
    i.CAN_Transmit                           0x080007e8   Section        0  stm32f4xx_can.o(i.CAN_Transmit)
    i.CAN_TransmitStatus                     0x08000910   Section        0  stm32f4xx_can.o(i.CAN_TransmitStatus)
    i.Coordinate_back                        0x080009b0   Section        0  receive_handle.o(i.Coordinate_back)
    i.DRIVER_Init                            0x08000a34   Section        0  driver.o(i.DRIVER_Init)
    i.DRIVER_Set_Speed                       0x08000a80   Section        0  driver.o(i.DRIVER_Set_Speed)
    i.DebugMon_Handler                       0x08000b38   Section        0  stm32f4xx_it.o(i.DebugMon_Handler)
    i.First_handle                           0x08000b3c   Section        0  receive_handle.o(i.First_handle)
    i.GPIO_Init                              0x08000be4   Section        0  stm32f4xx_gpio.o(i.GPIO_Init)
    i.GPIO_PinAFConfig                       0x08000c74   Section        0  stm32f4xx_gpio.o(i.GPIO_PinAFConfig)
    i.GPIO_ResetBits                         0x08000cba   Section        0  stm32f4xx_gpio.o(i.GPIO_ResetBits)
    i.HardFault_Handler                      0x08000cc0   Section        0  stm32f4xx_it.o(i.HardFault_Handler)
    i.LED_Init                               0x08000ce0   Section        0  led.o(i.LED_Init)
    i.MemManage_Handler                      0x08000d8c   Section        0  stm32f4xx_it.o(i.MemManage_Handler)
    i.NMI_Handler                            0x08000d90   Section        0  stm32f4xx_it.o(i.NMI_Handler)
    i.NVIC_Init                              0x08000d94   Section        0  misc.o(i.NVIC_Init)
    i.NVIC_PriorityGroupConfig               0x08000e0c   Section        0  misc.o(i.NVIC_PriorityGroupConfig)
    i.PID_Init                               0x08000e20   Section        0  angle_pid.o(i.PID_Init)
    i.Palstance_back                         0x08000e7c   Section        0  receive_handle.o(i.Palstance_back)
    i.PendSV_Handler                         0x08000ef4   Section        0  stm32f4xx_it.o(i.PendSV_Handler)
    i.RCC_AHB1PeriphClockCmd                 0x08000ef8   Section        0  stm32f4xx_rcc.o(i.RCC_AHB1PeriphClockCmd)
    i.RCC_APB1PeriphClockCmd                 0x08000f18   Section        0  stm32f4xx_rcc.o(i.RCC_APB1PeriphClockCmd)
    i.RCC_APB2PeriphClockCmd                 0x08000f38   Section        0  stm32f4xx_rcc.o(i.RCC_APB2PeriphClockCmd)
    i.RCC_GetClocksFreq                      0x08000f58   Section        0  stm32f4xx_rcc.o(i.RCC_GetClocksFreq)
    i.Receive_Handle                         0x08001040   Section        0  receive_handle.o(i.Receive_Handle)
    i.Robot_clear                            0x08001054   Section        0  receive_handle.o(i.Robot_clear)
    i.SVC_Handler                            0x080010e8   Section        0  stm32f4xx_it.o(i.SVC_Handler)
    i.Second_handle                          0x080010ec   Section        0  receive_handle.o(i.Second_handle)
    i.SetSysClock                            0x0800114c   Section        0  system_stm32f4xx.o(i.SetSysClock)
    SetSysClock                              0x0800114d   Thumb Code   220  system_stm32f4xx.o(i.SetSysClock)
    i.Set_Speed_Robot_To_Motor               0x08001238   Section        0  transform.o(i.Set_Speed_Robot_To_Motor)
    i.Speed_limit                            0x08001460   Section        0  receive_handle.o(i.Speed_limit)
    i.SysTick_CLKSourceConfig                0x080014a4   Section        0  misc.o(i.SysTick_CLKSourceConfig)
    i.SysTick_Handler                        0x080014cc   Section        0  stm32f4xx_it.o(i.SysTick_Handler)
    i.SystemInit                             0x080014d0   Section        0  system_stm32f4xx.o(i.SystemInit)
    i.TF_Global_To_Robot_Speed               0x08001538   Section        0  transform.o(i.TF_Global_To_Robot_Speed)
    i.TF_Robot_To_Global_Speed               0x08001698   Section        0  transform.o(i.TF_Robot_To_Global_Speed)
    i.TF_Robot_To_Motor                      0x080017fc   Section        0  transform.o(i.TF_Robot_To_Motor)
    i.TIM14_Init                             0x08001b04   Section        0  timer.o(i.TIM14_Init)
    i.TIM2_IRQHandler                        0x08001b60   Section        0  timer.o(i.TIM2_IRQHandler)
    i.TIM2_Init                              0x08001b9c   Section        0  timer.o(i.TIM2_Init)
    i.TIM8_TRG_COM_TIM14_IRQHandler          0x08001bf4   Section        0  timer.o(i.TIM8_TRG_COM_TIM14_IRQHandler)
    i.TIMER_Init                             0x08001cd0   Section        0  timer.o(i.TIMER_Init)
    i.TIM_ClearITPendingBit                  0x08001ce8   Section        0  stm32f4xx_tim.o(i.TIM_ClearITPendingBit)
    i.TIM_Cmd                                0x08001cee   Section        0  stm32f4xx_tim.o(i.TIM_Cmd)
    i.TIM_GetITStatus                        0x08001d06   Section        0  stm32f4xx_tim.o(i.TIM_GetITStatus)
    i.TIM_ITConfig                           0x08001d28   Section        0  stm32f4xx_tim.o(i.TIM_ITConfig)
    i.TIM_TimeBaseInit                       0x08001d3c   Section        0  stm32f4xx_tim.o(i.TIM_TimeBaseInit)
    i.Third_handle_global                    0x08001dc0   Section        0  receive_handle.o(i.Third_handle_global)
    i.Third_handle_robot                     0x08001e38   Section        0  receive_handle.o(i.Third_handle_robot)
    i.USART1_IRQHandler                      0x08001eb0   Section        0  usart.o(i.USART1_IRQHandler)
    i.USART1_Init                            0x0800201c   Section        0  usart.o(i.USART1_Init)
    i.USART3_IRQHandler                      0x080020e8   Section        0  usart3.o(i.USART3_IRQHandler)
    i.USART3_Init                            0x0800216c   Section        0  usart3.o(i.USART3_Init)
    i.USART3_SendChar                        0x08002224   Section        0  usart3.o(i.USART3_SendChar)
    i.USART_ClearFlag                        0x08002244   Section        0  stm32f4xx_usart.o(i.USART_ClearFlag)
    i.USART_ClearITPendingBit                0x08002256   Section        0  stm32f4xx_usart.o(i.USART_ClearITPendingBit)
    i.USART_Cmd                              0x08002274   Section        0  stm32f4xx_usart.o(i.USART_Cmd)
    i.USART_GetFlagStatus                    0x0800228c   Section        0  stm32f4xx_usart.o(i.USART_GetFlagStatus)
    i.USART_GetITStatus                      0x080022a6   Section        0  stm32f4xx_usart.o(i.USART_GetITStatus)
    i.USART_ITConfig                         0x080022fa   Section        0  stm32f4xx_usart.o(i.USART_ITConfig)
    i.USART_Init                             0x08002344   Section        0  stm32f4xx_usart.o(i.USART_Init)
    i.USART_ReceiveData                      0x08002418   Section        0  stm32f4xx_usart.o(i.USART_ReceiveData)
    i.USART_SendData                         0x08002422   Section        0  stm32f4xx_usart.o(i.USART_SendData)
    i.UsageFault_Handler                     0x0800242a   Section        0  stm32f4xx_it.o(i.UsageFault_Handler)
    i.__ARM_fpclassify                       0x0800242e   Section        0  fpclassify.o(i.__ARM_fpclassify)
    i.__hardfp_cos                           0x08002460   Section        0  cos.o(i.__hardfp_cos)
    i.__hardfp_fabs                          0x08002528   Section        0  fabs.o(i.__hardfp_fabs)
    i.__hardfp_pow                           0x08002540   Section        0  pow.o(i.__hardfp_pow)
    i.__hardfp_sin                           0x08003178   Section        0  sin.o(i.__hardfp_sin)
    i.__ieee754_rem_pio2                     0x08003240   Section        0  rred.o(i.__ieee754_rem_pio2)
    i.__kernel_cos                           0x08003678   Section        0  cos_i.o(i.__kernel_cos)
    i.__kernel_poly                          0x080037e8   Section        0  poly.o(i.__kernel_poly)
    i.__kernel_sin                           0x080038e0   Section        0  sin_i.o(i.__kernel_sin)
    i.__mathlib_dbl_divzero                  0x08003a10   Section        0  dunder.o(i.__mathlib_dbl_divzero)
    i.__mathlib_dbl_infnan                   0x08003a40   Section        0  dunder.o(i.__mathlib_dbl_infnan)
    i.__mathlib_dbl_infnan2                  0x08003a54   Section        0  dunder.o(i.__mathlib_dbl_infnan2)
    i.__mathlib_dbl_invalid                  0x08003a68   Section        0  dunder.o(i.__mathlib_dbl_invalid)
    i.__mathlib_dbl_overflow                 0x08003a88   Section        0  dunder.o(i.__mathlib_dbl_overflow)
    i.__mathlib_dbl_underflow                0x08003aa8   Section        0  dunder.o(i.__mathlib_dbl_underflow)
    i.delay_init                             0x08003ac8   Section        0  delay.o(i.delay_init)
    i.delay_ms                               0x08003b14   Section        0  delay.o(i.delay_ms)
    i.delay_us                               0x08003b4c   Section        0  delay.o(i.delay_us)
    i.delay_xms                              0x08003b98   Section        0  delay.o(i.delay_xms)
    i.fabs                                   0x08003be4   Section        0  fabs.o(i.fabs)
    i.main                                   0x08003bfc   Section        0  main.o(i.main)
    i.queue_empty                            0x08004704   Section        0  queue.o(i.queue_empty)
    i.queue_full                             0x08004718   Section        0  queue.o(i.queue_full)
    i.queue_get                              0x08004738   Section        0  queue.o(i.queue_get)
    i.queue_put                              0x08004758   Section        0  queue.o(i.queue_put)
    i.sqrt                                   0x08004776   Section        0  sqrt.o(i.sqrt)
    x$fpl$basic                              0x080047e4   Section       24  basic.o(x$fpl$basic)
    $v0                                      0x080047e4   Number         0  basic.o(x$fpl$basic)
    x$fpl$d2f                                0x080047fc   Section       98  d2f.o(x$fpl$d2f)
    $v0                                      0x080047fc   Number         0  d2f.o(x$fpl$d2f)
    x$fpl$dadd                               0x08004860   Section      336  daddsub_clz.o(x$fpl$dadd)
    $v0                                      0x08004860   Number         0  daddsub_clz.o(x$fpl$dadd)
    _dadd1                                   0x08004871   Thumb Code     0  daddsub_clz.o(x$fpl$dadd)
    x$fpl$dcheck1                            0x080049b0   Section       16  dcheck1.o(x$fpl$dcheck1)
    $v0                                      0x080049b0   Number         0  dcheck1.o(x$fpl$dcheck1)
    x$fpl$dcmpinf                            0x080049c0   Section       24  dcmpi.o(x$fpl$dcmpinf)
    $v0                                      0x080049c0   Number         0  dcmpi.o(x$fpl$dcmpinf)
    x$fpl$ddiv                               0x080049d8   Section      688  ddiv.o(x$fpl$ddiv)
    $v0                                      0x080049d8   Number         0  ddiv.o(x$fpl$ddiv)
    ddiv_entry                               0x080049df   Thumb Code     0  ddiv.o(x$fpl$ddiv)
    x$fpl$dfix                               0x08004c88   Section       94  dfix.o(x$fpl$dfix)
    $v0                                      0x08004c88   Number         0  dfix.o(x$fpl$dfix)
    x$fpl$dflt                               0x08004ce6   Section       46  dflt_clz.o(x$fpl$dflt)
    $v0                                      0x08004ce6   Number         0  dflt_clz.o(x$fpl$dflt)
    x$fpl$dfltu                              0x08004d14   Section       38  dflt_clz.o(x$fpl$dfltu)
    $v0                                      0x08004d14   Number         0  dflt_clz.o(x$fpl$dfltu)
    x$fpl$dleqf                              0x08004d3c   Section      120  dleqf.o(x$fpl$dleqf)
    $v0                                      0x08004d3c   Number         0  dleqf.o(x$fpl$dleqf)
    x$fpl$dmul                               0x08004db4   Section      340  dmul.o(x$fpl$dmul)
    $v0                                      0x08004db4   Number         0  dmul.o(x$fpl$dmul)
    x$fpl$dnaninf                            0x08004f08   Section      156  dnaninf.o(x$fpl$dnaninf)
    $v0                                      0x08004f08   Number         0  dnaninf.o(x$fpl$dnaninf)
    x$fpl$dretinf                            0x08004fa4   Section       12  dretinf.o(x$fpl$dretinf)
    $v0                                      0x08004fa4   Number         0  dretinf.o(x$fpl$dretinf)
    x$fpl$drleqf                             0x08004fb0   Section      108  drleqf.o(x$fpl$drleqf)
    $v0                                      0x08004fb0   Number         0  drleqf.o(x$fpl$drleqf)
    x$fpl$drsb                               0x0800501c   Section       22  daddsub_clz.o(x$fpl$drsb)
    $v0                                      0x0800501c   Number         0  daddsub_clz.o(x$fpl$drsb)
    x$fpl$dsqrt                              0x08005034   Section      408  dsqrt_umaal.o(x$fpl$dsqrt)
    $v0                                      0x08005034   Number         0  dsqrt_umaal.o(x$fpl$dsqrt)
    x$fpl$dsub                               0x080051cc   Section      468  daddsub_clz.o(x$fpl$dsub)
    $v0                                      0x080051cc   Number         0  daddsub_clz.o(x$fpl$dsub)
    _dsub1                                   0x080051dd   Thumb Code     0  daddsub_clz.o(x$fpl$dsub)
    x$fpl$f2d                                0x080053a0   Section       86  f2d.o(x$fpl$f2d)
    $v0                                      0x080053a0   Number         0  f2d.o(x$fpl$f2d)
    x$fpl$fnaninf                            0x080053f6   Section      140  fnaninf.o(x$fpl$fnaninf)
    $v0                                      0x080053f6   Number         0  fnaninf.o(x$fpl$fnaninf)
    x$fpl$fpinit                             0x08005482   Section       10  fpinit.o(x$fpl$fpinit)
    $v0                                      0x08005482   Number         0  fpinit.o(x$fpl$fpinit)
    x$fpl$fretinf                            0x0800548c   Section       10  fretinf.o(x$fpl$fretinf)
    $v0                                      0x0800548c   Number         0  fretinf.o(x$fpl$fretinf)
    x$fpl$retnan                             0x08005496   Section      100  retnan.o(x$fpl$retnan)
    $v0                                      0x08005496   Number         0  retnan.o(x$fpl$retnan)
    x$fpl$scalbn                             0x080054fa   Section       92  scalbn.o(x$fpl$scalbn)
    $v0                                      0x080054fa   Number         0  scalbn.o(x$fpl$scalbn)
    x$fpl$trapveneer                         0x08005556   Section       48  trapv.o(x$fpl$trapveneer)
    $v0                                      0x08005556   Number         0  trapv.o(x$fpl$trapveneer)
    x$fpl$usenofp                            0x08005586   Section        0  usenofp.o(x$fpl$usenofp)
    .constdata                               0x08005588   Section      136  pow.o(.constdata)
    bp                                       0x08005588   Data          16  pow.o(.constdata)
    dp_h                                     0x08005598   Data          16  pow.o(.constdata)
    dp_l                                     0x080055a8   Data          16  pow.o(.constdata)
    L                                        0x080055b8   Data          48  pow.o(.constdata)
    P                                        0x080055e8   Data          40  pow.o(.constdata)
    .constdata                               0x08005610   Section       48  cos_i.o(.constdata)
    C                                        0x08005610   Data          48  cos_i.o(.constdata)
    .constdata                               0x08005640   Section        8  qnan.o(.constdata)
    .constdata                               0x08005648   Section      200  rred.o(.constdata)
    pio2s                                    0x08005648   Data          48  rred.o(.constdata)
    twooverpi                                0x08005678   Data         152  rred.o(.constdata)
    .constdata                               0x08005710   Section       40  sin_i.o(.constdata)
    S                                        0x08005710   Data          40  sin_i.o(.constdata)
    .data                                    0x20000000   Section        4  main.o(.data)
    checksum                                 0x20000002   Data           2  main.o(.data)
    .data                                    0x20000004   Section        4  delay.o(.data)
    fac_ns                                   0x20000004   Data           1  delay.o(.data)
    fac_us                                   0x20000005   Data           1  delay.o(.data)
    fac_ms                                   0x20000006   Data           2  delay.o(.data)
    .data                                    0x20000008   Section       20  usart.o(.data)
    .data                                    0x2000001c   Section        8  driver.o(.data)
    .data                                    0x20000024   Section       16  stm32f4xx_rcc.o(.data)
    APBAHBPrescTable                         0x20000024   Data          16  stm32f4xx_rcc.o(.data)
    .data                                    0x20000034   Section        6  receive_handle.o(.data)
    .bss                                     0x2000003c   Section      536  main.o(.bss)
    .bss                                     0x20000254   Section      316  usart.o(.bss)
    .bss                                     0x20000390   Section       20  receive_handle.o(.bss)
    .bss                                     0x200003a4   Section       96  libspace.o(.bss)
    HEAP                                     0x20000408   Section      512  startup_stm32f40_41xxx.o(HEAP)
    Heap_Mem                                 0x20000408   Data         512  startup_stm32f40_41xxx.o(HEAP)
    STACK                                    0x20000608   Section     1024  startup_stm32f40_41xxx.o(STACK)
    Stack_Mem                                0x20000608   Data        1024  startup_stm32f40_41xxx.o(STACK)
    __initial_sp                             0x20000a08   Data           0  startup_stm32f40_41xxx.o(STACK)

    Global Symbols

    Symbol Name                              Value     Ov Type        Size  Object(Section)

    BuildAttributes$$THM_ISAv4$E$P$D$K$B$S$7EM$VFPi3$EXTD16$VFPS$VFMA$PE$A:L22UL41UL21$X:L11$S22US41US21$IEEE1$IW$USESV6$~STKCKD$USESV7$~SHL$OTIME$ROPI$IEEEX$EBA8$UX$STANDARDLIB$REQ8$PRES8$EABIv2 0x00000000   Number         0  anon$$obj.o ABSOLUTE
    __ARM_use_no_argv                        0x00000000   Number         0  main.o ABSOLUTE
    __ARM_exceptions_init                     - Undefined Weak Reference
    __alloca_initialize                       - Undefined Weak Reference
    __arm_preinit_                            - Undefined Weak Reference
    __cpp_initialize__aeabi_                  - Undefined Weak Reference
    __cxa_finalize                            - Undefined Weak Reference
    __rt_locale                               - Undefined Weak Reference
    __sigvec_lookup                           - Undefined Weak Reference
    _atexit_init                              - Undefined Weak Reference
    _call_atexit_fns                          - Undefined Weak Reference
    _clock_init                               - Undefined Weak Reference
    _fp_trap_init                             - Undefined Weak Reference
    _fp_trap_shutdown                         - Undefined Weak Reference
    _get_lc_collate                           - Undefined Weak Reference
    _get_lc_ctype                             - Undefined Weak Reference
    _get_lc_monetary                          - Undefined Weak Reference
    _get_lc_numeric                           - Undefined Weak Reference
    _get_lc_time                              - Undefined Weak Reference
    _getenv_init                              - Undefined Weak Reference
    _handle_redirection                       - Undefined Weak Reference
    _init_alloc                               - Undefined Weak Reference
    _init_user_alloc                          - Undefined Weak Reference
    _initio                                   - Undefined Weak Reference
    _rand_init                                - Undefined Weak Reference
    _signal_finish                            - Undefined Weak Reference
    _signal_init                              - Undefined Weak Reference
    _terminate_alloc                          - Undefined Weak Reference
    _terminate_user_alloc                     - Undefined Weak Reference
    _terminateio                              - Undefined Weak Reference
    __Vectors_Size                           0x00000188   Number         0  startup_stm32f40_41xxx.o ABSOLUTE
    __Vectors                                0x08000000   Data           4  startup_stm32f40_41xxx.o(RESET)
    __Vectors_End                            0x08000188   Data           0  startup_stm32f40_41xxx.o(RESET)
    __main                                   0x08000189   Thumb Code     8  __main.o(!!!main)
    __scatterload                            0x08000191   Thumb Code     0  __scatter.o(!!!scatter)
    __scatterload_rt2                        0x08000191   Thumb Code    44  __scatter.o(!!!scatter)
    __scatterload_rt2_thumb_only             0x08000191   Thumb Code     0  __scatter.o(!!!scatter)
    __scatterload_null                       0x0800019f   Thumb Code     0  __scatter.o(!!!scatter)
    __scatterload_copy                       0x080001c5   Thumb Code    26  __scatter_copy.o(!!handler_copy)
    __scatterload_zeroinit                   0x080001e1   Thumb Code    28  __scatter_zi.o(!!handler_zi)
    __rt_lib_init                            0x080001fd   Thumb Code     0  libinit.o(.ARM.Collect$$libinit$$00000000)
    __rt_lib_init_fp_1                       0x080001ff   Thumb Code     0  libinit2.o(.ARM.Collect$$libinit$$00000001)
    __rt_lib_init_alloca_1                   0x08000203   Thumb Code     0  libinit2.o(.ARM.Collect$$libinit$$0000002E)
    __rt_lib_init_argv_1                     0x08000203   Thumb Code     0  libinit2.o(.ARM.Collect$$libinit$$0000002C)
    __rt_lib_init_atexit_1                   0x08000203   Thumb Code     0  libinit2.o(.ARM.Collect$$libinit$$0000001B)
    __rt_lib_init_clock_1                    0x08000203   Thumb Code     0  libinit2.o(.ARM.Collect$$libinit$$00000021)
    __rt_lib_init_cpp_1                      0x08000203   Thumb Code     0  libinit2.o(.ARM.Collect$$libinit$$00000032)
    __rt_lib_init_exceptions_1               0x08000203   Thumb Code     0  libinit2.o(.ARM.Collect$$libinit$$00000030)
    __rt_lib_init_fp_trap_1                  0x08000203   Thumb Code     0  libinit2.o(.ARM.Collect$$libinit$$0000001F)
    __rt_lib_init_getenv_1                   0x08000203   Thumb Code     0  libinit2.o(.ARM.Collect$$libinit$$00000023)
    __rt_lib_init_heap_1                     0x08000203   Thumb Code     0  libinit2.o(.ARM.Collect$$libinit$$0000000A)
    __rt_lib_init_lc_collate_1               0x08000203   Thumb Code     0  libinit2.o(.ARM.Collect$$libinit$$00000011)
    __rt_lib_init_lc_ctype_1                 0x08000203   Thumb Code     0  libinit2.o(.ARM.Collect$$libinit$$00000013)
    __rt_lib_init_lc_monetary_1              0x08000203   Thumb Code     0  libinit2.o(.ARM.Collect$$libinit$$00000015)
    __rt_lib_init_lc_numeric_1               0x08000203   Thumb Code     0  libinit2.o(.ARM.Collect$$libinit$$00000017)
    __rt_lib_init_lc_time_1                  0x08000203   Thumb Code     0  libinit2.o(.ARM.Collect$$libinit$$00000019)
    __rt_lib_init_preinit_1                  0x08000203   Thumb Code     0  libinit2.o(.ARM.Collect$$libinit$$00000004)
    __rt_lib_init_rand_1                     0x08000203   Thumb Code     0  libinit2.o(.ARM.Collect$$libinit$$0000000E)
    __rt_lib_init_return                     0x08000203   Thumb Code     0  libinit2.o(.ARM.Collect$$libinit$$00000033)
    __rt_lib_init_signal_1                   0x08000203   Thumb Code     0  libinit2.o(.ARM.Collect$$libinit$$0000001D)
    __rt_lib_init_stdio_1                    0x08000203   Thumb Code     0  libinit2.o(.ARM.Collect$$libinit$$00000025)
    __rt_lib_init_user_alloc_1               0x08000203   Thumb Code     0  libinit2.o(.ARM.Collect$$libinit$$0000000C)
    __rt_lib_shutdown                        0x08000205   Thumb Code     0  libshutdown.o(.ARM.Collect$$libshutdown$$00000000)
    __rt_lib_shutdown_fp_trap_1              0x08000207   Thumb Code     0  libshutdown2.o(.ARM.Collect$$libshutdown$$00000006)
    __rt_lib_shutdown_heap_1                 0x08000207   Thumb Code     0  libshutdown2.o(.ARM.Collect$$libshutdown$$0000000E)
    __rt_lib_shutdown_return                 0x08000207   Thumb Code     0  libshutdown2.o(.ARM.Collect$$libshutdown$$0000000F)
    __rt_lib_shutdown_signal_1               0x08000207   Thumb Code     0  libshutdown2.o(.ARM.Collect$$libshutdown$$00000009)
    __rt_lib_shutdown_stdio_1                0x08000207   Thumb Code     0  libshutdown2.o(.ARM.Collect$$libshutdown$$00000003)
    __rt_lib_shutdown_user_alloc_1           0x08000207   Thumb Code     0  libshutdown2.o(.ARM.Collect$$libshutdown$$0000000B)
    __rt_entry                               0x08000209   Thumb Code     0  __rtentry.o(.ARM.Collect$$rtentry$$00000000)
    __rt_entry_presh_1                       0x08000209   Thumb Code     0  __rtentry2.o(.ARM.Collect$$rtentry$$00000002)
    __rt_entry_sh                            0x08000209   Thumb Code     0  __rtentry4.o(.ARM.Collect$$rtentry$$00000004)
    __rt_entry_li                            0x0800020f   Thumb Code     0  __rtentry2.o(.ARM.Collect$$rtentry$$0000000A)
    __rt_entry_postsh_1                      0x0800020f   Thumb Code     0  __rtentry2.o(.ARM.Collect$$rtentry$$00000009)
    __rt_entry_main                          0x08000213   Thumb Code     0  __rtentry2.o(.ARM.Collect$$rtentry$$0000000D)
    __rt_entry_postli_1                      0x08000213   Thumb Code     0  __rtentry2.o(.ARM.Collect$$rtentry$$0000000C)
    __rt_exit                                0x0800021b   Thumb Code     0  rtexit.o(.ARM.Collect$$rtexit$$00000000)
    __rt_exit_ls                             0x0800021d   Thumb Code     0  rtexit2.o(.ARM.Collect$$rtexit$$00000003)
    __rt_exit_prels_1                        0x0800021d   Thumb Code     0  rtexit2.o(.ARM.Collect$$rtexit$$00000002)
    __rt_exit_exit                           0x08000221   Thumb Code     0  rtexit2.o(.ARM.Collect$$rtexit$$00000004)
    Reset_Handler                            0x08000229   Thumb Code     8  startup_stm32f40_41xxx.o(.text)
    ADC_IRQHandler                           0x08000243   Thumb Code     0  startup_stm32f40_41xxx.o(.text)
    CAN1_RX0_IRQHandler                      0x08000243   Thumb Code     0  startup_stm32f40_41xxx.o(.text)
    CAN1_RX1_IRQHandler                      0x08000243   Thumb Code     0  startup_stm32f40_41xxx.o(.text)
    CAN1_SCE_IRQHandler                      0x08000243   Thumb Code     0  startup_stm32f40_41xxx.o(.text)
    CAN1_TX_IRQHandler                       0x08000243   Thumb Code     0  startup_stm32f40_41xxx.o(.text)
    CAN2_RX0_IRQHandler                      0x08000243   Thumb Code     0  startup_stm32f40_41xxx.o(.text)
    CAN2_RX1_IRQHandler                      0x08000243   Thumb Code     0  startup_stm32f40_41xxx.o(.text)
    CAN2_SCE_IRQHandler                      0x08000243   Thumb Code     0  startup_stm32f40_41xxx.o(.text)
    CAN2_TX_IRQHandler                       0x08000243   Thumb Code     0  startup_stm32f40_41xxx.o(.text)
    CRYP_IRQHandler                          0x08000243   Thumb Code     0  startup_stm32f40_41xxx.o(.text)
    DCMI_IRQHandler                          0x08000243   Thumb Code     0  startup_stm32f40_41xxx.o(.text)
    DMA1_Stream0_IRQHandler                  0x08000243   Thumb Code     0  startup_stm32f40_41xxx.o(.text)
    DMA1_Stream1_IRQHandler                  0x08000243   Thumb Code     0  startup_stm32f40_41xxx.o(.text)
    DMA1_Stream2_IRQHandler                  0x08000243   Thumb Code     0  startup_stm32f40_41xxx.o(.text)
    DMA1_Stream3_IRQHandler                  0x08000243   Thumb Code     0  startup_stm32f40_41xxx.o(.text)
    DMA1_Stream4_IRQHandler                  0x08000243   Thumb Code     0  startup_stm32f40_41xxx.o(.text)
    DMA1_Stream5_IRQHandler                  0x08000243   Thumb Code     0  startup_stm32f40_41xxx.o(.text)
    DMA1_Stream6_IRQHandler                  0x08000243   Thumb Code     0  startup_stm32f40_41xxx.o(.text)
    DMA1_Stream7_IRQHandler                  0x08000243   Thumb Code     0  startup_stm32f40_41xxx.o(.text)
    DMA2_Stream0_IRQHandler                  0x08000243   Thumb Code     0  startup_stm32f40_41xxx.o(.text)
    DMA2_Stream1_IRQHandler                  0x08000243   Thumb Code     0  startup_stm32f40_41xxx.o(.text)
    DMA2_Stream2_IRQHandler                  0x08000243   Thumb Code     0  startup_stm32f40_41xxx.o(.text)
    DMA2_Stream3_IRQHandler                  0x08000243   Thumb Code     0  startup_stm32f40_41xxx.o(.text)
    DMA2_Stream4_IRQHandler                  0x08000243   Thumb Code     0  startup_stm32f40_41xxx.o(.text)
    DMA2_Stream5_IRQHandler                  0x08000243   Thumb Code     0  startup_stm32f40_41xxx.o(.text)
    DMA2_Stream6_IRQHandler                  0x08000243   Thumb Code     0  startup_stm32f40_41xxx.o(.text)
    DMA2_Stream7_IRQHandler                  0x08000243   Thumb Code     0  startup_stm32f40_41xxx.o(.text)
    ETH_IRQHandler                           0x08000243   Thumb Code     0  startup_stm32f40_41xxx.o(.text)
    ETH_WKUP_IRQHandler                      0x08000243   Thumb Code     0  startup_stm32f40_41xxx.o(.text)
    EXTI0_IRQHandler                         0x08000243   Thumb Code     0  startup_stm32f40_41xxx.o(.text)
    EXTI15_10_IRQHandler                     0x08000243   Thumb Code     0  startup_stm32f40_41xxx.o(.text)
    EXTI1_IRQHandler                         0x08000243   Thumb Code     0  startup_stm32f40_41xxx.o(.text)
    EXTI2_IRQHandler                         0x08000243   Thumb Code     0  startup_stm32f40_41xxx.o(.text)
    EXTI3_IRQHandler                         0x08000243   Thumb Code     0  startup_stm32f40_41xxx.o(.text)
    EXTI4_IRQHandler                         0x08000243   Thumb Code     0  startup_stm32f40_41xxx.o(.text)
    EXTI9_5_IRQHandler                       0x08000243   Thumb Code     0  startup_stm32f40_41xxx.o(.text)
    FLASH_IRQHandler                         0x08000243   Thumb Code     0  startup_stm32f40_41xxx.o(.text)
    FPU_IRQHandler                           0x08000243   Thumb Code     0  startup_stm32f40_41xxx.o(.text)
    FSMC_IRQHandler                          0x08000243   Thumb Code     0  startup_stm32f40_41xxx.o(.text)
    HASH_RNG_IRQHandler                      0x08000243   Thumb Code     0  startup_stm32f40_41xxx.o(.text)
    I2C1_ER_IRQHandler                       0x08000243   Thumb Code     0  startup_stm32f40_41xxx.o(.text)
    I2C1_EV_IRQHandler                       0x08000243   Thumb Code     0  startup_stm32f40_41xxx.o(.text)
    I2C2_ER_IRQHandler                       0x08000243   Thumb Code     0  startup_stm32f40_41xxx.o(.text)
    I2C2_EV_IRQHandler                       0x08000243   Thumb Code     0  startup_stm32f40_41xxx.o(.text)
    I2C3_ER_IRQHandler                       0x08000243   Thumb Code     0  startup_stm32f40_41xxx.o(.text)
    I2C3_EV_IRQHandler                       0x08000243   Thumb Code     0  startup_stm32f40_41xxx.o(.text)
    OTG_FS_IRQHandler                        0x08000243   Thumb Code     0  startup_stm32f40_41xxx.o(.text)
    OTG_FS_WKUP_IRQHandler                   0x08000243   Thumb Code     0  startup_stm32f40_41xxx.o(.text)
    OTG_HS_EP1_IN_IRQHandler                 0x08000243   Thumb Code     0  startup_stm32f40_41xxx.o(.text)
    OTG_HS_EP1_OUT_IRQHandler                0x08000243   Thumb Code     0  startup_stm32f40_41xxx.o(.text)
    OTG_HS_IRQHandler                        0x08000243   Thumb Code     0  startup_stm32f40_41xxx.o(.text)
    OTG_HS_WKUP_IRQHandler                   0x08000243   Thumb Code     0  startup_stm32f40_41xxx.o(.text)
    PVD_IRQHandler                           0x08000243   Thumb Code     0  startup_stm32f40_41xxx.o(.text)
    RCC_IRQHandler                           0x08000243   Thumb Code     0  startup_stm32f40_41xxx.o(.text)
    RTC_Alarm_IRQHandler                     0x08000243   Thumb Code     0  startup_stm32f40_41xxx.o(.text)
    RTC_WKUP_IRQHandler                      0x08000243   Thumb Code     0  startup_stm32f40_41xxx.o(.text)
    SDIO_IRQHandler                          0x08000243   Thumb Code     0  startup_stm32f40_41xxx.o(.text)
    SPI1_IRQHandler                          0x08000243   Thumb Code     0  startup_stm32f40_41xxx.o(.text)
    SPI2_IRQHandler                          0x08000243   Thumb Code     0  startup_stm32f40_41xxx.o(.text)
    SPI3_IRQHandler                          0x08000243   Thumb Code     0  startup_stm32f40_41xxx.o(.text)
    TAMP_STAMP_IRQHandler                    0x08000243   Thumb Code     0  startup_stm32f40_41xxx.o(.text)
    TIM1_BRK_TIM9_IRQHandler                 0x08000243   Thumb Code     0  startup_stm32f40_41xxx.o(.text)
    TIM1_CC_IRQHandler                       0x08000243   Thumb Code     0  startup_stm32f40_41xxx.o(.text)
    TIM1_TRG_COM_TIM11_IRQHandler            0x08000243   Thumb Code     0  startup_stm32f40_41xxx.o(.text)
    TIM1_UP_TIM10_IRQHandler                 0x08000243   Thumb Code     0  startup_stm32f40_41xxx.o(.text)
    TIM3_IRQHandler                          0x08000243   Thumb Code     0  startup_stm32f40_41xxx.o(.text)
    TIM4_IRQHandler                          0x08000243   Thumb Code     0  startup_stm32f40_41xxx.o(.text)
    TIM5_IRQHandler                          0x08000243   Thumb Code     0  startup_stm32f40_41xxx.o(.text)
    TIM6_DAC_IRQHandler                      0x08000243   Thumb Code     0  startup_stm32f40_41xxx.o(.text)
    TIM7_IRQHandler                          0x08000243   Thumb Code     0  startup_stm32f40_41xxx.o(.text)
    TIM8_BRK_TIM12_IRQHandler                0x08000243   Thumb Code     0  startup_stm32f40_41xxx.o(.text)
    TIM8_CC_IRQHandler                       0x08000243   Thumb Code     0  startup_stm32f40_41xxx.o(.text)
    TIM8_UP_TIM13_IRQHandler                 0x08000243   Thumb Code     0  startup_stm32f40_41xxx.o(.text)
    UART4_IRQHandler                         0x08000243   Thumb Code     0  startup_stm32f40_41xxx.o(.text)
    UART5_IRQHandler                         0x08000243   Thumb Code     0  startup_stm32f40_41xxx.o(.text)
    USART2_IRQHandler                        0x08000243   Thumb Code     0  startup_stm32f40_41xxx.o(.text)
    USART6_IRQHandler                        0x08000243   Thumb Code     0  startup_stm32f40_41xxx.o(.text)
    WWDG_IRQHandler                          0x08000243   Thumb Code     0  startup_stm32f40_41xxx.o(.text)
    __user_initial_stackheap                 0x08000245   Thumb Code     0  startup_stm32f40_41xxx.o(.text)
    __aeabi_memcpy4                          0x08000269   Thumb Code     0  rt_memcpy_w.o(.text)
    __aeabi_memcpy8                          0x08000269   Thumb Code     0  rt_memcpy_w.o(.text)
    __rt_memcpy_w                            0x08000269   Thumb Code   100  rt_memcpy_w.o(.text)
    _memcpy_lastbytes_aligned                0x080002b1   Thumb Code     0  rt_memcpy_w.o(.text)
    __use_two_region_memory                  0x080002cd   Thumb Code     2  heapauxi.o(.text)
    __rt_heap_escrow$2region                 0x080002cf   Thumb Code     2  heapauxi.o(.text)
    __rt_heap_expand$2region                 0x080002d1   Thumb Code     2  heapauxi.o(.text)
    __read_errno                             0x080002d3   Thumb Code    10  _rserrno.o(.text)
    __set_errno                              0x080002dd   Thumb Code    12  _rserrno.o(.text)
    __aeabi_errno_addr                       0x080002e9   Thumb Code     8  rt_errno_addr_intlibspace.o(.text)
    __errno$intlibspace                      0x080002e9   Thumb Code     0  rt_errno_addr_intlibspace.o(.text)
    __rt_errno_addr$intlibspace              0x080002e9   Thumb Code     0  rt_errno_addr_intlibspace.o(.text)
    __user_libspace                          0x080002f1   Thumb Code     8  libspace.o(.text)
    __user_perproc_libspace                  0x080002f1   Thumb Code     0  libspace.o(.text)
    __user_perthread_libspace                0x080002f1   Thumb Code     0  libspace.o(.text)
    __user_setup_stackheap                   0x080002f9   Thumb Code    74  sys_stackheap_outer.o(.text)
    exit                                     0x08000343   Thumb Code    12  exit.o(.text)
    _sys_exit                                0x08000351   Thumb Code     8  sys_exit.o(.text)
    __I$use$semihosting                      0x0800035d   Thumb Code     0  use_no_semi.o(.text)
    __use_no_semihosting_swi                 0x0800035d   Thumb Code     2  use_no_semi.o(.text)
    __semihosting_library_function           0x0800035f   Thumb Code     0  indicate_semi.o(.text)
    ANGLE_ADJUST                             0x08000361   Thumb Code   190  timer.o(i.ANGLE_ADJUST)
    BASE_Init                                0x08000435   Thumb Code    76  main.o(i.BASE_Init)
    BusFault_Handler                         0x08000485   Thumb Code     4  stm32f4xx_it.o(i.BusFault_Handler)
    CAN1_Mode_Init                           0x08000489   Thumb Code   200  can.o(i.CAN1_Mode_Init)
    CAN1_Send_Msg                            0x08000559   Thumb Code   112  can.o(i.CAN1_Send_Msg)
    CAN_FilterInit                           0x080005cd   Thumb Code   258  stm32f4xx_can.o(i.CAN_FilterInit)
    CAN_Init                                 0x080006d5   Thumb Code   276  stm32f4xx_can.o(i.CAN_Init)
    CAN_Transmit                             0x080007e9   Thumb Code   294  stm32f4xx_can.o(i.CAN_Transmit)
    CAN_TransmitStatus                       0x08000911   Thumb Code   138  stm32f4xx_can.o(i.CAN_TransmitStatus)
    Coordinate_back                          0x080009b1   Thumb Code   118  receive_handle.o(i.Coordinate_back)
    DRIVER_Init                              0x08000a35   Thumb Code    70  driver.o(i.DRIVER_Init)
    DRIVER_Set_Speed                         0x08000a81   Thumb Code   174  driver.o(i.DRIVER_Set_Speed)
    DebugMon_Handler                         0x08000b39   Thumb Code     2  stm32f4xx_it.o(i.DebugMon_Handler)
    First_handle                             0x08000b3d   Thumb Code   154  receive_handle.o(i.First_handle)
    GPIO_Init                                0x08000be5   Thumb Code   144  stm32f4xx_gpio.o(i.GPIO_Init)
    GPIO_PinAFConfig                         0x08000c75   Thumb Code    70  stm32f4xx_gpio.o(i.GPIO_PinAFConfig)
    GPIO_ResetBits                           0x08000cbb   Thumb Code     4  stm32f4xx_gpio.o(i.GPIO_ResetBits)
    HardFault_Handler                        0x08000cc1   Thumb Code    26  stm32f4xx_it.o(i.HardFault_Handler)
    LED_Init                                 0x08000ce1   Thumb Code   158  led.o(i.LED_Init)
    MemManage_Handler                        0x08000d8d   Thumb Code     4  stm32f4xx_it.o(i.MemManage_Handler)
    NMI_Handler                              0x08000d91   Thumb Code     2  stm32f4xx_it.o(i.NMI_Handler)
    NVIC_Init                                0x08000d95   Thumb Code   106  misc.o(i.NVIC_Init)
    NVIC_PriorityGroupConfig                 0x08000e0d   Thumb Code    10  misc.o(i.NVIC_PriorityGroupConfig)
    PID_Init                                 0x08000e21   Thumb Code    84  angle_pid.o(i.PID_Init)
    Palstance_back                           0x08000e7d   Thumb Code   112  receive_handle.o(i.Palstance_back)
    PendSV_Handler                           0x08000ef5   Thumb Code     2  stm32f4xx_it.o(i.PendSV_Handler)
    RCC_AHB1PeriphClockCmd                   0x08000ef9   Thumb Code    26  stm32f4xx_rcc.o(i.RCC_AHB1PeriphClockCmd)
    RCC_APB1PeriphClockCmd                   0x08000f19   Thumb Code    26  stm32f4xx_rcc.o(i.RCC_APB1PeriphClockCmd)
    RCC_APB2PeriphClockCmd                   0x08000f39   Thumb Code    26  stm32f4xx_rcc.o(i.RCC_APB2PeriphClockCmd)
    RCC_GetClocksFreq                        0x08000f59   Thumb Code   214  stm32f4xx_rcc.o(i.RCC_GetClocksFreq)
    Receive_Handle                           0x08001041   Thumb Code    18  receive_handle.o(i.Receive_Handle)
    Robot_clear                              0x08001055   Thumb Code   138  receive_handle.o(i.Robot_clear)
    SVC_Handler                              0x080010e9   Thumb Code     2  stm32f4xx_it.o(i.SVC_Handler)
    Second_handle                            0x080010ed   Thumb Code    86  receive_handle.o(i.Second_handle)
    Set_Speed_Robot_To_Motor                 0x08001239   Thumb Code   500  transform.o(i.Set_Speed_Robot_To_Motor)
    Speed_limit                              0x08001461   Thumb Code    68  receive_handle.o(i.Speed_limit)
    SysTick_CLKSourceConfig                  0x080014a5   Thumb Code    40  misc.o(i.SysTick_CLKSourceConfig)
    SysTick_Handler                          0x080014cd   Thumb Code     2  stm32f4xx_it.o(i.SysTick_Handler)
    SystemInit                               0x080014d1   Thumb Code    88  system_stm32f4xx.o(i.SystemInit)
    TF_Global_To_Robot_Speed                 0x08001539   Thumb Code   348  transform.o(i.TF_Global_To_Robot_Speed)
    TF_Robot_To_Global_Speed                 0x08001699   Thumb Code   352  transform.o(i.TF_Robot_To_Global_Speed)
    TF_Robot_To_Motor                        0x080017fd   Thumb Code   752  transform.o(i.TF_Robot_To_Motor)
    TIM14_Init                               0x08001b05   Thumb Code    88  timer.o(i.TIM14_Init)
    TIM2_IRQHandler                          0x08001b61   Thumb Code    56  timer.o(i.TIM2_IRQHandler)
    TIM2_Init                                0x08001b9d   Thumb Code    88  timer.o(i.TIM2_Init)
    TIM8_TRG_COM_TIM14_IRQHandler            0x08001bf5   Thumb Code   190  timer.o(i.TIM8_TRG_COM_TIM14_IRQHandler)
    TIMER_Init                               0x08001cd1   Thumb Code    24  timer.o(i.TIMER_Init)
    TIM_ClearITPendingBit                    0x08001ce9   Thumb Code     6  stm32f4xx_tim.o(i.TIM_ClearITPendingBit)
    TIM_Cmd                                  0x08001cef   Thumb Code    24  stm32f4xx_tim.o(i.TIM_Cmd)
    TIM_GetITStatus                          0x08001d07   Thumb Code    34  stm32f4xx_tim.o(i.TIM_GetITStatus)
    TIM_ITConfig                             0x08001d29   Thumb Code    18  stm32f4xx_tim.o(i.TIM_ITConfig)
    TIM_TimeBaseInit                         0x08001d3d   Thumb Code   104  stm32f4xx_tim.o(i.TIM_TimeBaseInit)
    Third_handle_global                      0x08001dc1   Thumb Code   106  receive_handle.o(i.Third_handle_global)
    Third_handle_robot                       0x08001e39   Thumb Code   106  receive_handle.o(i.Third_handle_robot)
    USART1_IRQHandler                        0x08001eb1   Thumb Code   322  usart.o(i.USART1_IRQHandler)
    USART1_Init                              0x0800201d   Thumb Code   192  usart.o(i.USART1_Init)
    USART3_IRQHandler                        0x080020e9   Thumb Code   118  usart3.o(i.USART3_IRQHandler)
    USART3_Init                              0x0800216d   Thumb Code   176  usart3.o(i.USART3_Init)
    USART3_SendChar                          0x08002225   Thumb Code    28  usart3.o(i.USART3_SendChar)
    USART_ClearFlag                          0x08002245   Thumb Code    18  stm32f4xx_usart.o(i.USART_ClearFlag)
    USART_ClearITPendingBit                  0x08002257   Thumb Code    30  stm32f4xx_usart.o(i.USART_ClearITPendingBit)
    USART_Cmd                                0x08002275   Thumb Code    24  stm32f4xx_usart.o(i.USART_Cmd)
    USART_GetFlagStatus                      0x0800228d   Thumb Code    26  stm32f4xx_usart.o(i.USART_GetFlagStatus)
    USART_GetITStatus                        0x080022a7   Thumb Code    84  stm32f4xx_usart.o(i.USART_GetITStatus)
    USART_ITConfig                           0x080022fb   Thumb Code    74  stm32f4xx_usart.o(i.USART_ITConfig)
    USART_Init                               0x08002345   Thumb Code   204  stm32f4xx_usart.o(i.USART_Init)
    USART_ReceiveData                        0x08002419   Thumb Code    10  stm32f4xx_usart.o(i.USART_ReceiveData)
    USART_SendData                           0x08002423   Thumb Code     8  stm32f4xx_usart.o(i.USART_SendData)
    UsageFault_Handler                       0x0800242b   Thumb Code     4  stm32f4xx_it.o(i.UsageFault_Handler)
    __ARM_fpclassify                         0x0800242f   Thumb Code    48  fpclassify.o(i.__ARM_fpclassify)
    __hardfp_cos                             0x08002461   Thumb Code   180  cos.o(i.__hardfp_cos)
    __hardfp_fabs                            0x08002529   Thumb Code    20  fabs.o(i.__hardfp_fabs)
    __hardfp_pow                             0x08002541   Thumb Code  3044  pow.o(i.__hardfp_pow)
    __hardfp_sin                             0x08003179   Thumb Code   180  sin.o(i.__hardfp_sin)
    __ieee754_rem_pio2                       0x08003241   Thumb Code   938  rred.o(i.__ieee754_rem_pio2)
    __kernel_cos                             0x08003679   Thumb Code   322  cos_i.o(i.__kernel_cos)
    __kernel_poly                            0x080037e9   Thumb Code   248  poly.o(i.__kernel_poly)
    __kernel_sin                             0x080038e1   Thumb Code   280  sin_i.o(i.__kernel_sin)
    __mathlib_dbl_divzero                    0x08003a11   Thumb Code    28  dunder.o(i.__mathlib_dbl_divzero)
    __mathlib_dbl_infnan                     0x08003a41   Thumb Code    20  dunder.o(i.__mathlib_dbl_infnan)
    __mathlib_dbl_infnan2                    0x08003a55   Thumb Code    20  dunder.o(i.__mathlib_dbl_infnan2)
    __mathlib_dbl_invalid                    0x08003a69   Thumb Code    24  dunder.o(i.__mathlib_dbl_invalid)
    __mathlib_dbl_overflow                   0x08003a89   Thumb Code    24  dunder.o(i.__mathlib_dbl_overflow)
    __mathlib_dbl_underflow                  0x08003aa9   Thumb Code    24  dunder.o(i.__mathlib_dbl_underflow)
    delay_init                               0x08003ac9   Thumb Code    62  delay.o(i.delay_init)
    delay_ms                                 0x08003b15   Thumb Code    56  delay.o(i.delay_ms)
    delay_us                                 0x08003b4d   Thumb Code    72  delay.o(i.delay_us)
    delay_xms                                0x08003b99   Thumb Code    72  delay.o(i.delay_xms)
    fabs                                     0x08003be5   Thumb Code    24  fabs.o(i.fabs)
    main                                     0x08003bfd   Thumb Code  2804  main.o(i.main)
    queue_empty                              0x08004705   Thumb Code    20  queue.o(i.queue_empty)
    queue_full                               0x08004719   Thumb Code    32  queue.o(i.queue_full)
    queue_get                                0x08004739   Thumb Code    32  queue.o(i.queue_get)
    queue_put                                0x08004759   Thumb Code    30  queue.o(i.queue_put)
    sqrt                                     0x08004777   Thumb Code   110  sqrt.o(i.sqrt)
    __aeabi_dneg                             0x080047e5   Thumb Code     0  basic.o(x$fpl$basic)
    _dneg                                    0x080047e5   Thumb Code     6  basic.o(x$fpl$basic)
    __aeabi_fneg                             0x080047eb   Thumb Code     0  basic.o(x$fpl$basic)
    _fneg                                    0x080047eb   Thumb Code     6  basic.o(x$fpl$basic)
    _dabs                                    0x080047f1   Thumb Code     6  basic.o(x$fpl$basic)
    _fabs                                    0x080047f7   Thumb Code     6  basic.o(x$fpl$basic)
    __aeabi_d2f                              0x080047fd   Thumb Code     0  d2f.o(x$fpl$d2f)
    _d2f                                     0x080047fd   Thumb Code    98  d2f.o(x$fpl$d2f)
    __aeabi_dadd                             0x08004861   Thumb Code     0  daddsub_clz.o(x$fpl$dadd)
    _dadd                                    0x08004861   Thumb Code   332  daddsub_clz.o(x$fpl$dadd)
    __fpl_dcheck_NaN1                        0x080049b1   Thumb Code    10  dcheck1.o(x$fpl$dcheck1)
    __fpl_dcmp_Inf                           0x080049c1   Thumb Code    24  dcmpi.o(x$fpl$dcmpinf)
    __aeabi_ddiv                             0x080049d9   Thumb Code     0  ddiv.o(x$fpl$ddiv)
    _ddiv                                    0x080049d9   Thumb Code   552  ddiv.o(x$fpl$ddiv)
    __aeabi_d2iz                             0x08004c89   Thumb Code     0  dfix.o(x$fpl$dfix)
    _dfix                                    0x08004c89   Thumb Code    94  dfix.o(x$fpl$dfix)
    __aeabi_i2d                              0x08004ce7   Thumb Code     0  dflt_clz.o(x$fpl$dflt)
    _dflt                                    0x08004ce7   Thumb Code    46  dflt_clz.o(x$fpl$dflt)
    __aeabi_ui2d                             0x08004d15   Thumb Code     0  dflt_clz.o(x$fpl$dfltu)
    _dfltu                                   0x08004d15   Thumb Code    38  dflt_clz.o(x$fpl$dfltu)
    __aeabi_cdcmple                          0x08004d3d   Thumb Code     0  dleqf.o(x$fpl$dleqf)
    _dcmple                                  0x08004d3d   Thumb Code   120  dleqf.o(x$fpl$dleqf)
    __fpl_dcmple_InfNaN                      0x08004d9f   Thumb Code     0  dleqf.o(x$fpl$dleqf)
    __aeabi_dmul                             0x08004db5   Thumb Code     0  dmul.o(x$fpl$dmul)
    _dmul                                    0x08004db5   Thumb Code   332  dmul.o(x$fpl$dmul)
    __fpl_dnaninf                            0x08004f09   Thumb Code   156  dnaninf.o(x$fpl$dnaninf)
    __fpl_dretinf                            0x08004fa5   Thumb Code    12  dretinf.o(x$fpl$dretinf)
    __aeabi_cdrcmple                         0x08004fb1   Thumb Code     0  drleqf.o(x$fpl$drleqf)
    _drcmple                                 0x08004fb1   Thumb Code   108  drleqf.o(x$fpl$drleqf)
    __aeabi_drsub                            0x0800501d   Thumb Code     0  daddsub_clz.o(x$fpl$drsb)
    _drsb                                    0x0800501d   Thumb Code    22  daddsub_clz.o(x$fpl$drsb)
    _dsqrt                                   0x08005035   Thumb Code   404  dsqrt_umaal.o(x$fpl$dsqrt)
    __aeabi_dsub                             0x080051cd   Thumb Code     0  daddsub_clz.o(x$fpl$dsub)
    _dsub                                    0x080051cd   Thumb Code   464  daddsub_clz.o(x$fpl$dsub)
    __aeabi_f2d                              0x080053a1   Thumb Code     0  f2d.o(x$fpl$f2d)
    _f2d                                     0x080053a1   Thumb Code    86  f2d.o(x$fpl$f2d)
    __fpl_fnaninf                            0x080053f7   Thumb Code   140  fnaninf.o(x$fpl$fnaninf)
    _fp_init                                 0x08005483   Thumb Code    10  fpinit.o(x$fpl$fpinit)
    __fplib_config_fpu_vfp                   0x0800548b   Thumb Code     0  fpinit.o(x$fpl$fpinit)
    __fplib_config_pureend_doubles           0x0800548b   Thumb Code     0  fpinit.o(x$fpl$fpinit)
    __fpl_fretinf                            0x0800548d   Thumb Code    10  fretinf.o(x$fpl$fretinf)
    __fpl_return_NaN                         0x08005497   Thumb Code   100  retnan.o(x$fpl$retnan)
    __ARM_scalbn                             0x080054fb   Thumb Code    92  scalbn.o(x$fpl$scalbn)
    __fpl_cmpreturn                          0x08005557   Thumb Code    48  trapv.o(x$fpl$trapveneer)
    __I$use$fp                               0x08005586   Number         0  usenofp.o(x$fpl$usenofp)
    __mathlib_zero                           0x08005640   Data           8  qnan.o(.constdata)
    Region$$Table$$Base                      0x08005738   Number         0  anon$$obj.o(Region$$Table)
    Region$$Table$$Limit                     0x08005758   Number         0  anon$$obj.o(Region$$Table)
    Recstate                                 0x20000000   Data           1  main.o(.data)
    Slave_Recstate                           0x20000008   Data           1  usart.o(.data)
    checksum                                 0x2000000a   Data           2  usart.o(.data)
    usart1_count                             0x2000000c   Data           4  usart.o(.data)
    data_len                                 0x20000010   Data           1  usart.o(.data)
    flag                                     0x20000014   Data           4  usart.o(.data)
    usart1_led1_count                        0x20000018   Data           4  usart.o(.data)
    msg                                      0x2000001c   Data           8  driver.o(.data)
    noselect                                 0x20000034   Data           4  receive_handle.o(.data)
    checksumsend                             0x20000038   Data           2  receive_handle.o(.data)
    System                                   0x2000003c   Data          24  main.o(.bss)
    rx_queue                                 0x20000054   Data         264  main.o(.bss)
    basketballbot                            0x2000015c   Data         108  main.o(.bss)
    ANGLE                                    0x200001c8   Data          40  main.o(.bss)
    buffer                                   0x200001f0   Data         100  main.o(.bss)
    usart1_buffer                            0x20000254   Data          60  usart.o(.bss)
    dataet                                   0x20000290   Data         256  usart.o(.bss)
    One_handle                               0x20000390   Data          20  receive_handle.o(.bss)
    __libspace_start                         0x200003a4   Data          96  libspace.o(.bss)
    __temporary_stack_top$libspace           0x20000404   Data           0  libspace.o(.bss)



==============================================================================

Memory Map of the image

  Image Entry point : 0x08000189

  Load Region LR_IROM1 (Base: 0x08000000, Size: 0x00005794, Max: 0x00100000, ABSOLUTE)

    Execution Region ER_IROM1 (Base: 0x08000000, Size: 0x00005758, Max: 0x00100000, ABSOLUTE)

    Base Addr    Size         Type   Attr      Idx    E Section Name        Object

    0x08000000   0x00000188   Data   RO          431    RESET               startup_stm32f40_41xxx.o
    0x08000188   0x00000008   Code   RO         3603  * !!!main             c_w.l(__main.o)
    0x08000190   0x00000034   Code   RO         3908    !!!scatter          c_w.l(__scatter.o)
    0x080001c4   0x0000001a   Code   RO         3910    !!handler_copy      c_w.l(__scatter_copy.o)
    0x080001de   0x00000002   PAD
    0x080001e0   0x0000001c   Code   RO         3912    !!handler_zi        c_w.l(__scatter_zi.o)
    0x080001fc   0x00000002   Code   RO         3778    .ARM.Collect$$libinit$$00000000  c_w.l(libinit.o)
    0x080001fe   0x00000004   Code   RO         3783    .ARM.Collect$$libinit$$00000001  c_w.l(libinit2.o)
    0x08000202   0x00000000   Code   RO         3786    .ARM.Collect$$libinit$$00000004  c_w.l(libinit2.o)
    0x08000202   0x00000000   Code   RO         3789    .ARM.Collect$$libinit$$0000000A  c_w.l(libinit2.o)
    0x08000202   0x00000000   Code   RO         3791    .ARM.Collect$$libinit$$0000000C  c_w.l(libinit2.o)
    0x08000202   0x00000000   Code   RO         3793    .ARM.Collect$$libinit$$0000000E  c_w.l(libinit2.o)
    0x08000202   0x00000000   Code   RO         3796    .ARM.Collect$$libinit$$00000011  c_w.l(libinit2.o)
    0x08000202   0x00000000   Code   RO         3798    .ARM.Collect$$libinit$$00000013  c_w.l(libinit2.o)
    0x08000202   0x00000000   Code   RO         3800    .ARM.Collect$$libinit$$00000015  c_w.l(libinit2.o)
    0x08000202   0x00000000   Code   RO         3802    .ARM.Collect$$libinit$$00000017  c_w.l(libinit2.o)
    0x08000202   0x00000000   Code   RO         3804    .ARM.Collect$$libinit$$00000019  c_w.l(libinit2.o)
    0x08000202   0x00000000   Code   RO         3806    .ARM.Collect$$libinit$$0000001B  c_w.l(libinit2.o)
    0x08000202   0x00000000   Code   RO         3808    .ARM.Collect$$libinit$$0000001D  c_w.l(libinit2.o)
    0x08000202   0x00000000   Code   RO         3810    .ARM.Collect$$libinit$$0000001F  c_w.l(libinit2.o)
    0x08000202   0x00000000   Code   RO         3812    .ARM.Collect$$libinit$$00000021  c_w.l(libinit2.o)
    0x08000202   0x00000000   Code   RO         3814    .ARM.Collect$$libinit$$00000023  c_w.l(libinit2.o)
    0x08000202   0x00000000   Code   RO         3816    .ARM.Collect$$libinit$$00000025  c_w.l(libinit2.o)
    0x08000202   0x00000000   Code   RO         3820    .ARM.Collect$$libinit$$0000002C  c_w.l(libinit2.o)
    0x08000202   0x00000000   Code   RO         3822    .ARM.Collect$$libinit$$0000002E  c_w.l(libinit2.o)
    0x08000202   0x00000000   Code   RO         3824    .ARM.Collect$$libinit$$00000030  c_w.l(libinit2.o)
    0x08000202   0x00000000   Code   RO         3826    .ARM.Collect$$libinit$$00000032  c_w.l(libinit2.o)
    0x08000202   0x00000002   Code   RO         3827    .ARM.Collect$$libinit$$00000033  c_w.l(libinit2.o)
    0x08000204   0x00000002   Code   RO         3849    .ARM.Collect$$libshutdown$$00000000  c_w.l(libshutdown.o)
    0x08000206   0x00000000   Code   RO         3863    .ARM.Collect$$libshutdown$$00000003  c_w.l(libshutdown2.o)
    0x08000206   0x00000000   Code   RO         3866    .ARM.Collect$$libshutdown$$00000006  c_w.l(libshutdown2.o)
    0x08000206   0x00000000   Code   RO         3869    .ARM.Collect$$libshutdown$$00000009  c_w.l(libshutdown2.o)
    0x08000206   0x00000000   Code   RO         3871    .ARM.Collect$$libshutdown$$0000000B  c_w.l(libshutdown2.o)
    0x08000206   0x00000000   Code   RO         3874    .ARM.Collect$$libshutdown$$0000000E  c_w.l(libshutdown2.o)
    0x08000206   0x00000002   Code   RO         3875    .ARM.Collect$$libshutdown$$0000000F  c_w.l(libshutdown2.o)
    0x08000208   0x00000000   Code   RO         3671    .ARM.Collect$$rtentry$$00000000  c_w.l(__rtentry.o)
    0x08000208   0x00000000   Code   RO         3743    .ARM.Collect$$rtentry$$00000002  c_w.l(__rtentry2.o)
    0x08000208   0x00000006   Code   RO         3755    .ARM.Collect$$rtentry$$00000004  c_w.l(__rtentry4.o)
    0x0800020e   0x00000000   Code   RO         3745    .ARM.Collect$$rtentry$$00000009  c_w.l(__rtentry2.o)
    0x0800020e   0x00000004   Code   RO         3746    .ARM.Collect$$rtentry$$0000000A  c_w.l(__rtentry2.o)
    0x08000212   0x00000000   Code   RO         3748    .ARM.Collect$$rtentry$$0000000C  c_w.l(__rtentry2.o)
    0x08000212   0x00000008   Code   RO         3749    .ARM.Collect$$rtentry$$0000000D  c_w.l(__rtentry2.o)
    0x0800021a   0x00000002   Code   RO         3781    .ARM.Collect$$rtexit$$00000000  c_w.l(rtexit.o)
    0x0800021c   0x00000000   Code   RO         3831    .ARM.Collect$$rtexit$$00000002  c_w.l(rtexit2.o)
    0x0800021c   0x00000004   Code   RO         3832    .ARM.Collect$$rtexit$$00000003  c_w.l(rtexit2.o)
    0x08000220   0x00000006   Code   RO         3833    .ARM.Collect$$rtexit$$00000004  c_w.l(rtexit2.o)
    0x08000226   0x00000002   PAD
    0x08000228   0x00000040   Code   RO          432    .text               startup_stm32f40_41xxx.o
    0x08000268   0x00000064   Code   RO         3597    .text               c_w.l(rt_memcpy_w.o)
    0x080002cc   0x00000006   Code   RO         3601    .text               c_w.l(heapauxi.o)
    0x080002d2   0x00000016   Code   RO         3672    .text               c_w.l(_rserrno.o)
    0x080002e8   0x00000008   Code   RO         3760    .text               c_w.l(rt_errno_addr_intlibspace.o)
    0x080002f0   0x00000008   Code   RO         3766    .text               c_w.l(libspace.o)
    0x080002f8   0x0000004a   Code   RO         3769    .text               c_w.l(sys_stackheap_outer.o)
    0x08000342   0x0000000c   Code   RO         3771    .text               c_w.l(exit.o)
    0x0800034e   0x00000002   PAD
    0x08000350   0x0000000c   Code   RO         3841    .text               c_w.l(sys_exit.o)
    0x0800035c   0x00000002   Code   RO         3852    .text               c_w.l(use_no_semi.o)
    0x0800035e   0x00000000   Code   RO         3854    .text               c_w.l(indicate_semi.o)
    0x0800035e   0x00000002   PAD
    0x08000360   0x000000d4   Code   RO          596    i.ANGLE_ADJUST      timer.o
    0x08000434   0x00000050   Code   RO            3    i.BASE_Init         main.o
    0x08000484   0x00000004   Code   RO          193    i.BusFault_Handler  stm32f4xx_it.o
    0x08000488   0x000000d0   Code   RO          458    i.CAN1_Mode_Init    can.o
    0x08000558   0x00000074   Code   RO          460    i.CAN1_Send_Msg     can.o
    0x080005cc   0x00000108   Code   RO          721    i.CAN_FilterInit    stm32f4xx_can.o
    0x080006d4   0x00000114   Code   RO          728    i.CAN_Init          stm32f4xx_can.o
    0x080007e8   0x00000126   Code   RO          736    i.CAN_Transmit      stm32f4xx_can.o
    0x0800090e   0x00000002   PAD
    0x08000910   0x000000a0   Code   RO          737    i.CAN_TransmitStatus  stm32f4xx_can.o
    0x080009b0   0x00000084   Code   RO         3524    i.Coordinate_back   receive_handle.o
    0x08000a34   0x0000004c   Code   RO          527    i.DRIVER_Init       driver.o
    0x08000a80   0x000000b8   Code   RO          528    i.DRIVER_Set_Speed  driver.o
    0x08000b38   0x00000002   Code   RO          194    i.DebugMon_Handler  stm32f4xx_it.o
    0x08000b3a   0x00000002   PAD
    0x08000b3c   0x000000a8   Code   RO         3525    i.First_handle      receive_handle.o
    0x08000be4   0x00000090   Code   RO         1244    i.GPIO_Init         stm32f4xx_gpio.o
    0x08000c74   0x00000046   Code   RO         1245    i.GPIO_PinAFConfig  stm32f4xx_gpio.o
    0x08000cba   0x00000004   Code   RO         1251    i.GPIO_ResetBits    stm32f4xx_gpio.o
    0x08000cbe   0x00000002   PAD
    0x08000cc0   0x00000020   Code   RO          195    i.HardFault_Handler  stm32f4xx_it.o
    0x08000ce0   0x000000ac   Code   RO          438    i.LED_Init          led.o
    0x08000d8c   0x00000004   Code   RO          196    i.MemManage_Handler  stm32f4xx_it.o
    0x08000d90   0x00000002   Code   RO          197    i.NMI_Handler       stm32f4xx_it.o
    0x08000d92   0x00000002   PAD
    0x08000d94   0x00000078   Code   RO          671    i.NVIC_Init         misc.o
    0x08000e0c   0x00000014   Code   RO          672    i.NVIC_PriorityGroupConfig  misc.o
    0x08000e20   0x0000005c   Code   RO          650    i.PID_Init          angle_pid.o
    0x08000e7c   0x00000078   Code   RO         3526    i.Palstance_back    receive_handle.o
    0x08000ef4   0x00000002   Code   RO          198    i.PendSV_Handler    stm32f4xx_it.o
    0x08000ef6   0x00000002   PAD
    0x08000ef8   0x00000020   Code   RO         1615    i.RCC_AHB1PeriphClockCmd  stm32f4xx_rcc.o
    0x08000f18   0x00000020   Code   RO         1624    i.RCC_APB1PeriphClockCmd  stm32f4xx_rcc.o
    0x08000f38   0x00000020   Code   RO         1627    i.RCC_APB2PeriphClockCmd  stm32f4xx_rcc.o
    0x08000f58   0x000000e8   Code   RO         1636    i.RCC_GetClocksFreq  stm32f4xx_rcc.o
    0x08001040   0x00000012   Code   RO         3527    i.Receive_Handle    receive_handle.o
    0x08001052   0x00000002   PAD
    0x08001054   0x00000094   Code   RO         3528    i.Robot_clear       receive_handle.o
    0x080010e8   0x00000002   Code   RO          199    i.SVC_Handler       stm32f4xx_it.o
    0x080010ea   0x00000002   PAD
    0x080010ec   0x00000060   Code   RO         3529    i.Second_handle     receive_handle.o
    0x0800114c   0x000000ec   Code   RO          290    i.SetSysClock       system_stm32f4xx.o
    0x08001238   0x00000228   Code   RO         3474    i.Set_Speed_Robot_To_Motor  transform.o
    0x08001460   0x00000044   Code   RO         3530    i.Speed_limit       receive_handle.o
    0x080014a4   0x00000028   Code   RO          675    i.SysTick_CLKSourceConfig  misc.o
    0x080014cc   0x00000002   Code   RO          200    i.SysTick_Handler   stm32f4xx_it.o
    0x080014ce   0x00000002   PAD
    0x080014d0   0x00000068   Code   RO          292    i.SystemInit        system_stm32f4xx.o
    0x08001538   0x00000160   Code   RO         3476    i.TF_Global_To_Robot_Speed  transform.o
    0x08001698   0x00000164   Code   RO         3477    i.TF_Robot_To_Global_Speed  transform.o
    0x080017fc   0x00000308   Code   RO         3478    i.TF_Robot_To_Motor  transform.o
    0x08001b04   0x0000005c   Code   RO          597    i.TIM14_Init        timer.o
    0x08001b60   0x0000003c   Code   RO          598    i.TIM2_IRQHandler   timer.o
    0x08001b9c   0x00000058   Code   RO          599    i.TIM2_Init         timer.o
    0x08001bf4   0x000000dc   Code   RO          600    i.TIM8_TRG_COM_TIM14_IRQHandler  timer.o
    0x08001cd0   0x00000018   Code   RO          601    i.TIMER_Init        timer.o
    0x08001ce8   0x00000006   Code   RO         2672    i.TIM_ClearITPendingBit  stm32f4xx_tim.o
    0x08001cee   0x00000018   Code   RO         2677    i.TIM_Cmd           stm32f4xx_tim.o
    0x08001d06   0x00000022   Code   RO         2698    i.TIM_GetITStatus   stm32f4xx_tim.o
    0x08001d28   0x00000012   Code   RO         2702    i.TIM_ITConfig      stm32f4xx_tim.o
    0x08001d3a   0x00000002   PAD
    0x08001d3c   0x00000084   Code   RO         2749    i.TIM_TimeBaseInit  stm32f4xx_tim.o
    0x08001dc0   0x00000078   Code   RO         3531    i.Third_handle_global  receive_handle.o
    0x08001e38   0x00000078   Code   RO         3532    i.Third_handle_robot  receive_handle.o
    0x08001eb0   0x0000016c   Code   RO          391    i.USART1_IRQHandler  usart.o
    0x0800201c   0x000000cc   Code   RO          392    i.USART1_Init       usart.o
    0x080020e8   0x00000084   Code   RO          490    i.USART3_IRQHandler  usart3.o
    0x0800216c   0x000000b8   Code   RO          491    i.USART3_Init       usart3.o
    0x08002224   0x00000020   Code   RO          492    i.USART3_SendChar   usart3.o
    0x08002244   0x00000012   Code   RO         3223    i.USART_ClearFlag   stm32f4xx_usart.o
    0x08002256   0x0000001e   Code   RO         3224    i.USART_ClearITPendingBit  stm32f4xx_usart.o
    0x08002274   0x00000018   Code   RO         3227    i.USART_Cmd         stm32f4xx_usart.o
    0x0800228c   0x0000001a   Code   RO         3230    i.USART_GetFlagStatus  stm32f4xx_usart.o
    0x080022a6   0x00000054   Code   RO         3231    i.USART_GetITStatus  stm32f4xx_usart.o
    0x080022fa   0x0000004a   Code   RO         3233    i.USART_ITConfig    stm32f4xx_usart.o
    0x08002344   0x000000d4   Code   RO         3234    i.USART_Init        stm32f4xx_usart.o
    0x08002418   0x0000000a   Code   RO         3241    i.USART_ReceiveData  stm32f4xx_usart.o
    0x08002422   0x00000008   Code   RO         3244    i.USART_SendData    stm32f4xx_usart.o
    0x0800242a   0x00000004   Code   RO          201    i.UsageFault_Handler  stm32f4xx_it.o
    0x0800242e   0x00000030   Code   RO         3714    i.__ARM_fpclassify  m_wm.l(fpclassify.o)
    0x0800245e   0x00000002   PAD
    0x08002460   0x000000c8   Code   RO         3627    i.__hardfp_cos      m_wm.l(cos.o)
    0x08002528   0x00000014   Code   RO         3639    i.__hardfp_fabs     m_wm.l(fabs.o)
    0x0800253c   0x00000004   PAD
    0x08002540   0x00000c38   Code   RO         3645    i.__hardfp_pow      m_wm.l(pow.o)
    0x08003178   0x000000c8   Code   RO         3659    i.__hardfp_sin      m_wm.l(sin.o)
    0x08003240   0x00000438   Code   RO         3719    i.__ieee754_rem_pio2  m_wm.l(rred.o)
    0x08003678   0x00000170   Code   RO         3697    i.__kernel_cos      m_wm.l(cos_i.o)
    0x080037e8   0x000000f8   Code   RO         3716    i.__kernel_poly     m_wm.l(poly.o)
    0x080038e0   0x00000130   Code   RO         3724    i.__kernel_sin      m_wm.l(sin_i.o)
    0x08003a10   0x00000030   Code   RO         3700    i.__mathlib_dbl_divzero  m_wm.l(dunder.o)
    0x08003a40   0x00000014   Code   RO         3701    i.__mathlib_dbl_infnan  m_wm.l(dunder.o)
    0x08003a54   0x00000014   Code   RO         3702    i.__mathlib_dbl_infnan2  m_wm.l(dunder.o)
    0x08003a68   0x00000020   Code   RO         3703    i.__mathlib_dbl_invalid  m_wm.l(dunder.o)
    0x08003a88   0x00000020   Code   RO         3704    i.__mathlib_dbl_overflow  m_wm.l(dunder.o)
    0x08003aa8   0x00000020   Code   RO         3706    i.__mathlib_dbl_underflow  m_wm.l(dunder.o)
    0x08003ac8   0x0000004c   Code   RO          327    i.delay_init        delay.o
    0x08003b14   0x00000038   Code   RO          328    i.delay_ms          delay.o
    0x08003b4c   0x0000004c   Code   RO          330    i.delay_us          delay.o
    0x08003b98   0x0000004c   Code   RO          331    i.delay_xms         delay.o
    0x08003be4   0x00000018   Code   RO         3641    i.fabs              m_wm.l(fabs.o)
    0x08003bfc   0x00000b08   Code   RO            4    i.main              main.o
    0x08004704   0x00000014   Code   RO          555    i.queue_empty       queue.o
    0x08004718   0x00000020   Code   RO          556    i.queue_full        queue.o
    0x08004738   0x00000020   Code   RO          557    i.queue_get         queue.o
    0x08004758   0x0000001e   Code   RO          559    i.queue_put         queue.o
    0x08004776   0x0000006e   Code   RO         3732    i.sqrt              m_wm.l(sqrt.o)
    0x080047e4   0x00000018   Code   RO         3674    x$fpl$basic         fz_wm.l(basic.o)
    0x080047fc   0x00000062   Code   RO         3605    x$fpl$d2f           fz_wm.l(d2f.o)
    0x0800485e   0x00000002   PAD
    0x08004860   0x00000150   Code   RO         3607    x$fpl$dadd          fz_wm.l(daddsub_clz.o)
    0x080049b0   0x00000010   Code   RO         3762    x$fpl$dcheck1       fz_wm.l(dcheck1.o)
    0x080049c0   0x00000018   Code   RO         3676    x$fpl$dcmpinf       fz_wm.l(dcmpi.o)
    0x080049d8   0x000002b0   Code   RO         3614    x$fpl$ddiv          fz_wm.l(ddiv.o)
    0x08004c88   0x0000005e   Code   RO         3617    x$fpl$dfix          fz_wm.l(dfix.o)
    0x08004ce6   0x0000002e   Code   RO         3679    x$fpl$dflt          fz_wm.l(dflt_clz.o)
    0x08004d14   0x00000026   Code   RO         3678    x$fpl$dfltu         fz_wm.l(dflt_clz.o)
    0x08004d3a   0x00000002   PAD
    0x08004d3c   0x00000078   Code   RO         3621    x$fpl$dleqf         fz_wm.l(dleqf.o)
    0x08004db4   0x00000154   Code   RO         3623    x$fpl$dmul          fz_wm.l(dmul.o)
    0x08004f08   0x0000009c   Code   RO         3684    x$fpl$dnaninf       fz_wm.l(dnaninf.o)
    0x08004fa4   0x0000000c   Code   RO         3686    x$fpl$dretinf       fz_wm.l(dretinf.o)
    0x08004fb0   0x0000006c   Code   RO         3688    x$fpl$drleqf        fz_wm.l(drleqf.o)
    0x0800501c   0x00000016   Code   RO         3608    x$fpl$drsb          fz_wm.l(daddsub_clz.o)
    0x08005032   0x00000002   PAD
    0x08005034   0x00000198   Code   RO         3764    x$fpl$dsqrt         fz_wm.l(dsqrt_umaal.o)
    0x080051cc   0x000001d4   Code   RO         3609    x$fpl$dsub          fz_wm.l(daddsub_clz.o)
    0x080053a0   0x00000056   Code   RO         3625    x$fpl$f2d           fz_wm.l(f2d.o)
    0x080053f6   0x0000008c   Code   RO         3690    x$fpl$fnaninf       fz_wm.l(fnaninf.o)
    0x08005482   0x0000000a   Code   RO         3839    x$fpl$fpinit        fz_wm.l(fpinit.o)
    0x0800548c   0x0000000a   Code   RO         3692    x$fpl$fretinf       fz_wm.l(fretinf.o)
    0x08005496   0x00000064   Code   RO         3779    x$fpl$retnan        fz_wm.l(retnan.o)
    0x080054fa   0x0000005c   Code   RO         3694    x$fpl$scalbn        fz_wm.l(scalbn.o)
    0x08005556   0x00000030   Code   RO         3828    x$fpl$trapveneer    fz_wm.l(trapv.o)
    0x08005586   0x00000000   Code   RO         3696    x$fpl$usenofp       fz_wm.l(usenofp.o)
    0x08005586   0x00000002   PAD
    0x08005588   0x00000088   Data   RO         3648    .constdata          m_wm.l(pow.o)
    0x08005610   0x00000030   Data   RO         3698    .constdata          m_wm.l(cos_i.o)
    0x08005640   0x00000008   Data   RO         3718    .constdata          m_wm.l(qnan.o)
    0x08005648   0x000000c8   Data   RO         3721    .constdata          m_wm.l(rred.o)
    0x08005710   0x00000028   Data   RO         3725    .constdata          m_wm.l(sin_i.o)
    0x08005738   0x00000020   Data   RO         3906    Region$$Table       anon$$obj.o


    Execution Region RW_IRAM1 (Base: 0x20000000, Size: 0x00000a08, Max: 0x00020000, ABSOLUTE)

    Base Addr    Size         Type   Attr      Idx    E Section Name        Object

    0x20000000   0x00000004   Data   RW            6    .data               main.o
    0x20000004   0x00000004   Data   RW          332    .data               delay.o
    0x20000008   0x00000014   Data   RW          395    .data               usart.o
    0x2000001c   0x00000008   Data   RW          529    .data               driver.o
    0x20000024   0x00000010   Data   RW         1668    .data               stm32f4xx_rcc.o
    0x20000034   0x00000006   Data   RW         3534    .data               receive_handle.o
    0x2000003a   0x00000002   PAD
    0x2000003c   0x00000218   Zero   RW            5    .bss                main.o
    0x20000254   0x0000013c   Zero   RW          394    .bss                usart.o
    0x20000390   0x00000014   Zero   RW         3533    .bss                receive_handle.o
    0x200003a4   0x00000060   Zero   RW         3767    .bss                c_w.l(libspace.o)
    0x20000404   0x00000004   PAD
    0x20000408   0x00000200   Zero   RW          430    HEAP                startup_stm32f40_41xxx.o
    0x20000608   0x00000400   Zero   RW          429    STACK               startup_stm32f40_41xxx.o


==============================================================================

Image component sizes


      Code (inc. data)   RO Data    RW Data    ZI Data      Debug   Object Name

        92          8          0          0          0        535   angle_pid.o
       324         12          0          0          0       2177   can.o
       284         22          0          4          0       2691   delay.o
       260         16          0          8          0       1879   driver.o
       172         14          0          0          0        635   led.o
      2904         40          0          4        536     294525   main.o
       180         24          0          0          0       2225   misc.o
       114          0          0          0          0       2771   queue.o
       990         90          0          6         20       6690   receive_handle.o
        64         26        392          0       1536        872   startup_stm32f40_41xxx.o
       994         28          0          0          0       4028   stm32f4xx_can.o
       218          0          0          0          0       2456   stm32f4xx_gpio.o
        54          6          0          0          0       4406   stm32f4xx_it.o
       328         36          0         16          0       4839   stm32f4xx_rcc.o
       214         28          0          0          0       3874   stm32f4xx_tim.o
       486          8          0          0          0       7005   stm32f4xx_usart.o
       340         32          0          0          0       1581   system_stm32f4xx.o
       696         60          0          0          0       3727   timer.o
      2036         84          0          0          0       2701   transform.o
       568         54          0         20        316       4478   usart.o
       348         26          0          0          0       2068   usart3.o

    ----------------------------------------------------------------------
     11684        614        424         60       2408     356163   Object Totals
         0          0         32          0          0          0   (incl. Generated)
        18          0          0          2          0          0   (incl. Padding)

    ----------------------------------------------------------------------

      Code (inc. data)   RO Data    RW Data    ZI Data      Debug   Library Member Name

         8          0          0          0          0         68   __main.o
         0          0          0          0          0          0   __rtentry.o
        12          0          0          0          0          0   __rtentry2.o
         6          0          0          0          0          0   __rtentry4.o
        52          8          0          0          0          0   __scatter.o
        26          0          0          0          0          0   __scatter_copy.o
        28          0          0          0          0          0   __scatter_zi.o
        22          0          0          0          0        100   _rserrno.o
        12          0          0          0          0         72   exit.o
         6          0          0          0          0        152   heapauxi.o
         0          0          0          0          0          0   indicate_semi.o
         2          0          0          0          0          0   libinit.o
         6          0          0          0          0          0   libinit2.o
         2          0          0          0          0          0   libshutdown.o
         2          0          0          0          0          0   libshutdown2.o
         8          4          0          0         96         68   libspace.o
         8          4          0          0          0         68   rt_errno_addr_intlibspace.o
       100          0          0          0          0         80   rt_memcpy_w.o
         2          0          0          0          0          0   rtexit.o
        10          0          0          0          0          0   rtexit2.o
        12          4          0          0          0         68   sys_exit.o
        74          0          0          0          0         80   sys_stackheap_outer.o
         2          0          0          0          0         68   use_no_semi.o
        24          0          0          0          0        164   basic.o
        98          4          0          0          0        140   d2f.o
       826         16          0          0          0        492   daddsub_clz.o
        16          4          0          0          0        116   dcheck1.o
        24          0          0          0          0        116   dcmpi.o
       688        140          0          0          0        256   ddiv.o
        94          4          0          0          0        140   dfix.o
        84          0          0          0          0        232   dflt_clz.o
       120          4          0          0          0        140   dleqf.o
       340         12          0          0          0        152   dmul.o
       156          4          0          0          0        140   dnaninf.o
        12          0          0          0          0        116   dretinf.o
       108          0          0          0          0        128   drleqf.o
       408         56          0          0          0        168   dsqrt_umaal.o
        86          4          0          0          0        132   f2d.o
       140          4          0          0          0        132   fnaninf.o
        10          0          0          0          0        116   fpinit.o
        10          0          0          0          0        116   fretinf.o
       100          0          0          0          0        116   retnan.o
        92          0          0          0          0        116   scalbn.o
        48          0          0          0          0        116   trapv.o
         0          0          0          0          0          0   usenofp.o
       200         20          0          0          0        164   cos.o
       368         46         48          0          0        200   cos_i.o
       184         44          0          0          0        744   dunder.o
        44          0          0          0          0        248   fabs.o
        48          0          0          0          0        124   fpclassify.o
       248          0          0          0          0        152   poly.o
      3128        302        136          0          0        356   pow.o
         0          0          8          0          0          0   qnan.o
      1080        142        200          0          0        188   rred.o
       200         20          0          0          0        164   sin.o
       304         24         40          0          0        208   sin_i.o
       110          0          0          0          0        148   sqrt.o

    ----------------------------------------------------------------------
      9820        870        432          0        100       6864   Library Totals
        22          0          0          0          4          0   (incl. Padding)

    ----------------------------------------------------------------------

      Code (inc. data)   RO Data    RW Data    ZI Data      Debug   Library Name

       400         20          0          0         96        824   c_w.l
      3484        252          0          0          0       3344   fz_wm.l
      5914        598        432          0          0       2696   m_wm.l

    ----------------------------------------------------------------------
      9820        870        432          0        100       6864   Library Totals

    ----------------------------------------------------------------------

==============================================================================


      Code (inc. data)   RO Data    RW Data    ZI Data      Debug   

     21504       1484        856         60       2508     351615   Grand Totals
     21504       1484        856         60       2508     351615   ELF Image Totals
     21504       1484        856         60          0          0   ROM Totals

==============================================================================

    Total RO  Size (Code + RO Data)                22360 (  21.84kB)
    Total RW  Size (RW Data + ZI Data)              2568 (   2.51kB)
    Total ROM Size (Code + RO Data + RW Data)      22420 (  21.89kB)

==============================================================================

